TLC2 Version 2.20 of Day Month 20?? (rev: 5c7ac66)
Running breadth-first search Model-Checking with fp 43 and seed -3168998655575429062 with 12 workers on 12 cores with 3641MB heap and 64MB offheap memory [pid: 31168] (Windows 11 10.0 amd64, Oracle Corporation 20.0.1 x86_64, MSBDiskFPSet, DiskStateQueue).
Parsing file C:\Users\sonis\git\alpenglow\formal-verification\ByzantineAlpenglow.tla
Parsing file C:\Users\sonis\AppData\Local\Temp\tlc-1321142138839035586\Naturals.tla (jar:file:/C:/Users/sonis/git/alpenglow/formal-verification/tla2tools.jar!/tla2sany/StandardModules/Naturals.tla)
Parsing file C:\Users\sonis\AppData\Local\Temp\tlc-1321142138839035586\FiniteSets.tla (jar:file:/C:/Users/sonis/git/alpenglow/formal-verification/tla2tools.jar!/tla2sany/StandardModules/FiniteSets.tla)
Parsing file C:\Users\sonis\AppData\Local\Temp\tlc-1321142138839035586\TLC.tla (jar:file:/C:/Users/sonis/git/alpenglow/formal-verification/tla2tools.jar!/tla2sany/StandardModules/TLC.tla)
Parsing file C:\Users\sonis\AppData\Local\Temp\tlc-1321142138839035586\_TLCTrace.tla (jar:file:/C:/Users/sonis/git/alpenglow/formal-verification/tla2tools.jar!/tla2sany/StandardModules/_TLCTrace.tla)
Parsing file C:\Users\sonis\AppData\Local\Temp\tlc-1321142138839035586\Sequences.tla (jar:file:/C:/Users/sonis/git/alpenglow/formal-verification/tla2tools.jar!/tla2sany/StandardModules/Sequences.tla)
Parsing file C:\Users\sonis\AppData\Local\Temp\tlc-1321142138839035586\TLCExt.tla (jar:file:/C:/Users/sonis/git/alpenglow/formal-verification/tla2tools.jar!/tla2sany/StandardModules/TLCExt.tla)
Parsing file C:\Users\sonis\AppData\Local\Temp\tlc-1321142138839035586\Integers.tla (jar:file:/C:/Users/sonis/git/alpenglow/formal-verification/tla2tools.jar!/tla2sany/StandardModules/Integers.tla)
Semantic processing of module Naturals
Semantic processing of module Sequences
Semantic processing of module FiniteSets
Semantic processing of module TLC
Semantic processing of module Integers
Semantic processing of module TLCExt
Semantic processing of module _TLCTrace
Semantic processing of module ByzantineAlpenglow
Linting of module TLCExt
Linting of module _TLCTrace
Linting of module ByzantineAlpenglow
Starting... (2025-10-15 21:49:51)
Warning: The invariant ByzantineStakeBounded is a constant-level formula (i.e., it contains no variables, primes, or temporal operators) and evaluates to TRUE. To assert constant-level formulas in your spec, use ASSUME ConstInv, or to give the assumption a name such as YourAssumption, use ASSUME YourAssumption == ConstInv.
(Use the -nowarning option to disable this warning.)
Warning: The invariant HonestMajority is a constant-level formula (i.e., it contains no variables, primes, or temporal operators) and evaluates to TRUE. To assert constant-level formulas in your spec, use ASSUME ConstInv, or to give the assumption a name such as YourAssumption, use ASSUME YourAssumption == ConstInv.
Computing initial states...
Finished computing initial states: 1 distinct state generated at 2025-10-15 21:49:51.
Progress(13) at 2025-10-15 21:49:54: 103,723 states generated (103,723 s/min), 19,389 distinct states found (19,389 ds/min), 9,494 states left on queue.
Progress(22) at 2025-10-15 21:50:54: 7,343,088 states generated (7,239,365 s/min), 961,206 distinct states found (941,817 ds/min), 249,997 states left on queue.
The coverage statistics at 2025-10-15 21:50:54 (see https://explain.tlapl.us/module-coverage-statistics for how to interpret the following statistics).
<currentSlot line 29, col 3 to line 29, col 13 of module ByzantineAlpenglow>: 2
<blocks line 30, col 3 to line 30, col 8 of module ByzantineAlpenglow>: 60
<votes line 31, col 3 to line 31, col 7 of module ByzantineAlpenglow>: 6355
<certificates line 32, col 3 to line 32, col 14 of module ByzantineAlpenglow>: 118
<finalized line 33, col 3 to line 33, col 11 of module ByzantineAlpenglow>: 4
<byzantineVotes line 34, col 3 to line 34, col 16 of module ByzantineAlpenglow>: 4
<Init line 65, col 1 to line 65, col 4 of module ByzantineAlpenglow>: 1:1
  line 67, col 6 to line 67, col 16 of module ByzantineAlpenglow: 1:30
  line 68, col 6 to line 68, col 15 of module ByzantineAlpenglow: 1:1997
  line 69, col 6 to line 69, col 22 of module ByzantineAlpenglow: 1:244947
  line 70, col 6 to line 70, col 19 of module ByzantineAlpenglow: 1:128388
  line 71, col 6 to line 71, col 24 of module ByzantineAlpenglow: 1
  |line 71, col 23 to line 71, col 24 of module ByzantineAlpenglow: 1:6436
<AdvanceSlot line 77, col 1 to line 77, col 11 of module ByzantineAlpenglow>: 12:2479
  line 78, col 6 to line 78, col 26 of module ByzantineAlpenglow: 2479
  |line 78, col 6 to line 78, col 16 of module ByzantineAlpenglow: 711287
  |line 78, col 20 to line 78, col 26 of module ByzantineAlpenglow: 711288
  line 79, col 6 to line 79, col 35 of module ByzantineAlpenglow: 2479
  line 80, col 6 to line 80, col 73 of module ByzantineAlpenglow: 2479
<ProduceBlock line 83, col 1 to line 83, col 15 of module ByzantineAlpenglow>: 118:1002260
  line 54, col 16 to line 54, col 43 of module ByzantineAlpenglow: 3847460
  |line 54, col 16 to line 54, col 16 of module ByzantineAlpenglow: 2845196
  |line 54, col 25 to line 54, col 43 of module ByzantineAlpenglow: 2845204
  line 84, col 15 to line 84, col 15 of module ByzantineAlpenglow: 2845204
  line 85, col 6 to line 85, col 20 of module ByzantineAlpenglow: 1002268
  |line 85, col 6 to line 85, col 16 of module ByzantineAlpenglow: 2133903
  line 86, col 6 to line 86, col 62 of module ByzantineAlpenglow: 3136173
  |line 86, col 7 to line 86, col 62 of module ByzantineAlpenglow: 2133909
  ||line 86, col 25 to line 86, col 62 of module ByzantineAlpenglow: 6362698
  |||line 86, col 25 to line 86, col 44 of module ByzantineAlpenglow: 6362713
  ||||line 86, col 25 to line 86, col 30 of module ByzantineAlpenglow: 6362731
  ||||line 86, col 34 to line 86, col 44 of module ByzantineAlpenglow: 6362741
  |||line 86, col 49 to line 86, col 62 of module ByzantineAlpenglow: 2899945
  ||||line 86, col 49 to line 86, col 58 of module ByzantineAlpenglow: 2899951
  |||||line 86, col 49 to line 86, col 49 of module ByzantineAlpenglow: 2899956
  ||||line 86, col 62 to line 86, col 62 of module ByzantineAlpenglow: 2899963
  ||line 86, col 16 to line 86, col 21 of module ByzantineAlpenglow: 2133948
  line 87, col 6 to line 87, col 67 of module ByzantineAlpenglow: 1002302
  |line 87, col 16 to line 87, col 67 of module ByzantineAlpenglow: 1002302
  ||line 87, col 16 to line 87, col 21 of module ByzantineAlpenglow: 1002302
  ||line 87, col 28 to line 87, col 67 of module ByzantineAlpenglow: 1002303:2023110
  |||line 87, col 29 to line 87, col 66 of module ByzantineAlpenglow: 1002306
  line 88, col 6 to line 88, col 78 of module ByzantineAlpenglow: 1002264
<HonestVote line 91, col 1 to line 91, col 19 of module ByzantineAlpenglow>: 9758:2606585
  line 54, col 16 to line 54, col 43 of module ByzantineAlpenglow: 7286955
  |line 54, col 16 to line 54, col 16 of module ByzantineAlpenglow: 5690624
  |line 54, col 25 to line 54, col 43 of module ByzantineAlpenglow: 5690628
  line 92, col 15 to line 92, col 15 of module ByzantineAlpenglow: 5690632
  line 93, col 6 to line 93, col 13 of module ByzantineAlpenglow: 1596349
  |line 93, col 6 to line 93, col 9 of module ByzantineAlpenglow: 4267989
  line 94, col 6 to line 94, col 24 of module ByzantineAlpenglow: 1596349
  |line 94, col 6 to line 94, col 9 of module ByzantineAlpenglow: 4268310
  |line 94, col 14 to line 94, col 24 of module ByzantineAlpenglow: 4268334
  line 95, col 24 to line 95, col 36 of module ByzantineAlpenglow: 16310722
  |line 95, col 24 to line 95, col 29 of module ByzantineAlpenglow: 13704153
  |line 95, col 33 to line 95, col 36 of module ByzantineAlpenglow: 13704153
  line 95, col 15 to line 95, col 20 of module ByzantineAlpenglow: 4260912
  line 96, col 6 to line 96, col 64 of module ByzantineAlpenglow: 9465052
  |line 96, col 7 to line 96, col 64 of module ByzantineAlpenglow: 6858465
  ||line 96, col 27 to line 96, col 64 of module ByzantineAlpenglow: 47340720
  |||line 96, col 27 to line 96, col 44 of module ByzantineAlpenglow: 47340804
  |||line 96, col 49 to line 96, col 64 of module ByzantineAlpenglow: 7203753
  ||||line 96, col 49 to line 96, col 57 of module ByzantineAlpenglow: 7203764
  |||||line 96, col 49 to line 96, col 52 of module ByzantineAlpenglow: 7203799
  ||||line 96, col 61 to line 96, col 64 of module ByzantineAlpenglow: 7203813
  ||line 96, col 19 to line 96, col 23 of module ByzantineAlpenglow: 6858548
  line 98, col 9 to line 98, col 82 of module ByzantineAlpenglow: 2606587
  |line 98, col 18 to line 98, col 82 of module ByzantineAlpenglow: 2606587
  ||line 98, col 18 to line 98, col 22 of module ByzantineAlpenglow: 2606587
  ||line 98, col 29 to line 98, col 82 of module ByzantineAlpenglow: 2606587:5236589
  |||line 98, col 30 to line 98, col 81 of module ByzantineAlpenglow: 2606587
  line 99, col 6 to line 99, col 79 of module ByzantineAlpenglow: 2606585
<ByzantineEquivocate line 102, col 1 to line 102, col 28 of module ByzantineAlpenglow>: 418963:2286189
  line 51, col 19 to line 51, col 43 of module ByzantineAlpenglow: 2838827
  |line 51, col 19 to line 51, col 19 of module ByzantineAlpenglow: 1422832
  |line 51, col 25 to line 51, col 43 of module ByzantineAlpenglow: 1422834
  line 103, col 18 to line 103, col 18 of module ByzantineAlpenglow: 1422838
  line 104, col 6 to line 104, col 13 of module ByzantineAlpenglow: 1416008
  |line 104, col 6 to line 104, col 9 of module ByzantineAlpenglow: 1422839
  line 105, col 6 to line 105, col 24 of module ByzantineAlpenglow: 1416008
  |line 105, col 6 to line 105, col 9 of module ByzantineAlpenglow: 1422843
  |line 105, col 14 to line 105, col 24 of module ByzantineAlpenglow: 1422846
  line 106, col 24 to line 106, col 36 of module ByzantineAlpenglow: 6854497
  |line 106, col 24 to line 106, col 29 of module ByzantineAlpenglow: 4568255
  |line 106, col 33 to line 106, col 36 of module ByzantineAlpenglow: 4568256
  line 106, col 15 to line 106, col 20 of module ByzantineAlpenglow: 1420373
  line 109, col 12 to line 109, col 88 of module ByzantineAlpenglow: 2286258
  |line 109, col 21 to line 109, col 88 of module ByzantineAlpenglow: 2286266
  ||line 109, col 21 to line 109, col 25 of module ByzantineAlpenglow: 2286268
  ||line 109, col 32 to line 109, col 88 of module ByzantineAlpenglow: 2286272:4580349
  |||line 109, col 33 to line 109, col 87 of module ByzantineAlpenglow: 2286275
  ||||line 109, col 34 to line 109, col 48 of module ByzantineAlpenglow: 2286206
  ||||line 109, col 51 to line 109, col 63 of module ByzantineAlpenglow: 2286206
  ||||line 109, col 76 to line 109, col 86 of module ByzantineAlpenglow: 2286281
  |||||line 108, col 25 to line 108, col 63 of module ByzantineAlpenglow: 2286281
  ||||||line 108, col 25 to line 108, col 28 of module ByzantineAlpenglow: 2286287
  ||||||line 108, col 33 to line 108, col 62 of module ByzantineAlpenglow: 2286290
  |||||||line 108, col 33 to line 108, col 58 of module ByzantineAlpenglow: 2286290
  ||||||||line 108, col 45 to line 108, col 57 of module ByzantineAlpenglow: 2286293
  |||||||||line 107, col 27 to line 107, col 83 of module ByzantineAlpenglow: 2286297
  ||||||||||line 107, col 45 to line 107, col 82 of module ByzantineAlpenglow: 19541267
  |||||||||||line 107, col 45 to line 107, col 62 of module ByzantineAlpenglow: 19541276
  |||||||||||line 107, col 67 to line 107, col 82 of module ByzantineAlpenglow: 11064244
  ||||||||||||line 107, col 67 to line 107, col 75 of module ByzantineAlpenglow: 11064251
  |||||||||||||line 107, col 67 to line 107, col 70 of module ByzantineAlpenglow: 11064251
  ||||||||||||line 107, col 79 to line 107, col 82 of module ByzantineAlpenglow: 11064262
  ||||||||||line 107, col 37 to line 107, col 41 of module ByzantineAlpenglow: 2286311
  line 110, col 12 to line 110, col 83 of module ByzantineAlpenglow: 2286311
  |line 110, col 30 to line 110, col 83 of module ByzantineAlpenglow: 2286313
  ||line 110, col 30 to line 110, col 43 of module ByzantineAlpenglow: 2286313
  ||line 110, col 50 to line 110, col 83 of module ByzantineAlpenglow: 2286313:4573584
  |||line 110, col 51 to line 110, col 82 of module ByzantineAlpenglow: 2286314
  ||||line 110, col 52 to line 110, col 66 of module ByzantineAlpenglow: 2286213
  ||||line 110, col 69 to line 110, col 81 of module ByzantineAlpenglow: 2286215
  line 111, col 6 to line 111, col 63 of module ByzantineAlpenglow: 2286219
<CreateNotarCert line 117, col 1 to line 117, col 21 of module ByzantineAlpenglow>: 96892:409761
  line 118, col 6 to line 118, col 13 of module ByzantineAlpenglow: 253089
  |line 118, col 6 to line 118, col 9 of module ByzantineAlpenglow: 1422912
  line 119, col 6 to line 119, col 24 of module ByzantineAlpenglow: 253089
  |line 119, col 6 to line 119, col 9 of module ByzantineAlpenglow: 1422918
  |line 119, col 14 to line 119, col 24 of module ByzantineAlpenglow: 1422918
  line 120, col 24 to line 120, col 36 of module ByzantineAlpenglow: 4978237
  |line 120, col 24 to line 120, col 29 of module ByzantineAlpenglow: 4568471
  |line 120, col 33 to line 120, col 36 of module ByzantineAlpenglow: 4568471
  line 120, col 15 to line 120, col 20 of module ByzantineAlpenglow: 1420446
  line 121, col 6 to line 121, col 63 of module ByzantineAlpenglow: 2696134
  |line 121, col 7 to line 121, col 63 of module ByzantineAlpenglow: 2286368
  ||line 121, col 31 to line 121, col 63 of module ByzantineAlpenglow: 2504866
  |||line 121, col 31 to line 121, col 46 of module ByzantineAlpenglow: 2504880
  |||line 121, col 51 to line 121, col 63 of module ByzantineAlpenglow: 1870024
  ||||line 121, col 51 to line 121, col 56 of module ByzantineAlpenglow: 1870024
  ||||line 121, col 60 to line 121, col 63 of module ByzantineAlpenglow: 1870032
  ||line 121, col 16 to line 121, col 27 of module ByzantineAlpenglow: 2286383
  line 42, col 20 to line 42, col 53 of module ByzantineAlpenglow: 409766
  |line 42, col 20 to line 42, col 24 of module ByzantineAlpenglow: 1260814
  |line 42, col 30 to line 42, col 52 of module ByzantineAlpenglow: 1260814
  line 124, col 21 to line 124, col 30 of module ByzantineAlpenglow: 1260814
  |line 123, col 24 to line 123, col 53 of module ByzantineAlpenglow: 1260814
  ||line 48, col 31 to line 48, col 97 of module ByzantineAlpenglow: 1260814
  ||line 123, col 37 to line 123, col 52 of module ByzantineAlpenglow: 1260814
  |||line 122, col 30 to line 122, col 108 of module ByzantineAlpenglow: 1260814
  ||||line 122, col 50 to line 122, col 107 of module ByzantineAlpenglow: 5043256
  |||||line 122, col 70 to line 122, col 107 of module ByzantineAlpenglow: 33443399
  ||||||line 122, col 70 to line 122, col 87 of module ByzantineAlpenglow: 33443399
  ||||||line 122, col 92 to line 122, col 107 of module ByzantineAlpenglow: 6968498
  |||||line 122, col 62 to line 122, col 66 of module ByzantineAlpenglow: 5043256
  ||||line 122, col 37 to line 122, col 46 of module ByzantineAlpenglow: 1260814
  line 125, col 12 to line 125, col 102 of module ByzantineAlpenglow: 409766
  |line 125, col 28 to line 125, col 102 of module ByzantineAlpenglow: 409766
  ||line 125, col 28 to line 125, col 39 of module ByzantineAlpenglow: 409766
  ||line 125, col 46 to line 125, col 102 of module ByzantineAlpenglow: 409766:1662402
  |||line 125, col 47 to line 125, col 101 of module ByzantineAlpenglow: 409766
  ||||line 125, col 66 to line 125, col 78 of module ByzantineAlpenglow: 409765
  ||||line 125, col 91 to line 125, col 100 of module ByzantineAlpenglow: 409766
  |||||line 123, col 24 to line 123, col 53 of module ByzantineAlpenglow: 409766
  ||||||line 48, col 31 to line 48, col 97 of module ByzantineAlpenglow: 409766
  ||||||line 123, col 37 to line 123, col 52 of module ByzantineAlpenglow: 409766
  |||||||line 122, col 30 to line 122, col 108 of module ByzantineAlpenglow: 409766
  ||||||||line 122, col 50 to line 122, col 107 of module ByzantineAlpenglow: 1639064
  |||||||||line 122, col 70 to line 122, col 107 of module ByzantineAlpenglow: 10302423
  ||||||||||line 122, col 70 to line 122, col 87 of module ByzantineAlpenglow: 10302423
  ||||||||||line 122, col 92 to line 122, col 107 of module ByzantineAlpenglow: 2322782
  |||||||||line 122, col 62 to line 122, col 66 of module ByzantineAlpenglow: 1639064
  ||||||||line 122, col 37 to line 122, col 46 of module ByzantineAlpenglow: 409766
  line 126, col 6 to line 126, col 72 of module ByzantineAlpenglow: 409765
<CreateFastFinalCert line 129, col 1 to line 129, col 25 of module ByzantineAlpenglow>: 58445:274098
  line 130, col 6 to line 130, col 13 of module ByzantineAlpenglow: 173330
  |line 130, col 6 to line 130, col 9 of module ByzantineAlpenglow: 1422979
  line 131, col 6 to line 131, col 24 of module ByzantineAlpenglow: 173332
  |line 131, col 6 to line 131, col 9 of module ByzantineAlpenglow: 1422982
  |line 131, col 14 to line 131, col 24 of module ByzantineAlpenglow: 1422983
  line 132, col 24 to line 132, col 36 of module ByzantineAlpenglow: 4842745
  |line 132, col 24 to line 132, col 29 of module ByzantineAlpenglow: 4568657
  |line 132, col 33 to line 132, col 36 of module ByzantineAlpenglow: 4568666
  line 132, col 15 to line 132, col 20 of module ByzantineAlpenglow: 1420512
  line 133, col 30 to line 133, col 45 of module ByzantineAlpenglow: 3875979
  |line 133, col 30 to line 133, col 35 of module ByzantineAlpenglow: 3601886
  line 133, col 50 to line 133, col 62 of module ByzantineAlpenglow: 2316840
  |line 133, col 50 to line 133, col 55 of module ByzantineAlpenglow: 2042735
  |line 133, col 59 to line 133, col 62 of module ByzantineAlpenglow: 2042735
  line 133, col 15 to line 133, col 26 of module ByzantineAlpenglow: 2286470
  line 134, col 6 to line 134, col 67 of module ByzantineAlpenglow: 1299758
  |line 134, col 7 to line 134, col 67 of module ByzantineAlpenglow: 1025651
  ||line 134, col 31 to line 134, col 67 of module ByzantineAlpenglow: 2290612
  |||line 134, col 31 to line 134, col 50 of module ByzantineAlpenglow: 2290612
  |||line 134, col 55 to line 134, col 67 of module ByzantineAlpenglow: 268581
  ||line 134, col 16 to line 134, col 27 of module ByzantineAlpenglow: 1025651
  line 45, col 26 to line 45, col 59 of module ByzantineAlpenglow: 274110
  |line 45, col 26 to line 45, col 30 of module ByzantineAlpenglow: 805593
  |line 45, col 36 to line 45, col 58 of module ByzantineAlpenglow: 805593
  line 137, col 27 to line 137, col 36 of module ByzantineAlpenglow: 805593
  |line 136, col 24 to line 136, col 53 of module ByzantineAlpenglow: 805593
  ||line 48, col 31 to line 48, col 97 of module ByzantineAlpenglow: 805593
  ||line 136, col 37 to line 136, col 52 of module ByzantineAlpenglow: 805593
  |||line 135, col 30 to line 135, col 108 of module ByzantineAlpenglow: 805593
  ||||line 135, col 50 to line 135, col 107 of module ByzantineAlpenglow: 3222372
  |||||line 135, col 70 to line 135, col 107 of module ByzantineAlpenglow: 17916610
  ||||||line 135, col 70 to line 135, col 87 of module ByzantineAlpenglow: 17916610
  ||||||line 135, col 92 to line 135, col 107 of module ByzantineAlpenglow: 4336296
  |||||line 135, col 62 to line 135, col 66 of module ByzantineAlpenglow: 3222388
  ||||line 135, col 37 to line 135, col 46 of module ByzantineAlpenglow: 805598
  line 138, col 12 to line 138, col 106 of module ByzantineAlpenglow: 274118
  |line 138, col 28 to line 138, col 106 of module ByzantineAlpenglow: 274119
  ||line 138, col 28 to line 138, col 39 of module ByzantineAlpenglow: 274119
  ||line 138, col 46 to line 138, col 106 of module ByzantineAlpenglow: 274119:548238
  |||line 138, col 47 to line 138, col 105 of module ByzantineAlpenglow: 274119
  ||||line 138, col 70 to line 138, col 82 of module ByzantineAlpenglow: 274099
  ||||line 138, col 95 to line 138, col 104 of module ByzantineAlpenglow: 274120
  |||||line 136, col 24 to line 136, col 53 of module ByzantineAlpenglow: 274120
  ||||||line 48, col 31 to line 48, col 97 of module ByzantineAlpenglow: 274121
  ||||||line 136, col 37 to line 136, col 52 of module ByzantineAlpenglow: 274121
  |||||||line 135, col 30 to line 135, col 108 of module ByzantineAlpenglow: 274122
  ||||||||line 135, col 50 to line 135, col 107 of module ByzantineAlpenglow: 1096488
  |||||||||line 135, col 70 to line 135, col 107 of module ByzantineAlpenglow: 5735996
  ||||||||||line 135, col 70 to line 135, col 87 of module ByzantineAlpenglow: 5735996
  ||||||||||line 135, col 92 to line 135, col 107 of module ByzantineAlpenglow: 1542522
  |||||||||line 135, col 62 to line 135, col 66 of module ByzantineAlpenglow: 1096500
  ||||||||line 135, col 37 to line 135, col 46 of module ByzantineAlpenglow: 274127
  line 139, col 6 to line 139, col 72 of module ByzantineAlpenglow: 274099
<CreateFinalCert line 142, col 1 to line 142, col 21 of module ByzantineAlpenglow>: 176126:461983
  line 143, col 6 to line 143, col 13 of module ByzantineAlpenglow: 289156
  |line 143, col 6 to line 143, col 9 of module ByzantineAlpenglow: 1423027
  line 144, col 6 to line 144, col 24 of module ByzantineAlpenglow: 289156
  |line 144, col 6 to line 144, col 9 of module ByzantineAlpenglow: 1423029
  |line 144, col 14 to line 144, col 24 of module ByzantineAlpenglow: 1423029
  line 145, col 24 to line 145, col 36 of module ByzantineAlpenglow: 5030754
  |line 145, col 24 to line 145, col 29 of module ByzantineAlpenglow: 4568770
  |line 145, col 33 to line 145, col 36 of module ByzantineAlpenglow: 4568770
  line 145, col 15 to line 145, col 20 of module ByzantineAlpenglow: 1420549
  line 146, col 30 to line 146, col 45 of module ByzantineAlpenglow: 4063994
  |line 146, col 30 to line 146, col 35 of module ByzantineAlpenglow: 3602007
  line 146, col 50 to line 146, col 62 of module ByzantineAlpenglow: 2504784
  |line 146, col 50 to line 146, col 55 of module ByzantineAlpenglow: 2042797
  |line 146, col 59 to line 146, col 62 of module ByzantineAlpenglow: 2042797
  line 146, col 15 to line 146, col 26 of module ByzantineAlpenglow: 2286521
  line 147, col 6 to line 147, col 63 of module ByzantineAlpenglow: 1487673
  |line 147, col 7 to line 147, col 63 of module ByzantineAlpenglow: 1025684
  ||line 147, col 31 to line 147, col 63 of module ByzantineAlpenglow: 2202202
  |||line 147, col 31 to line 147, col 46 of module ByzantineAlpenglow: 2202202
  |||line 147, col 51 to line 147, col 63 of module ByzantineAlpenglow: 691816
  ||line 147, col 16 to line 147, col 27 of module ByzantineAlpenglow: 1025687
  line 42, col 20 to line 42, col 53 of module ByzantineAlpenglow: 461991
  |line 42, col 20 to line 42, col 24 of module ByzantineAlpenglow: 461991
  |line 42, col 30 to line 42, col 52 of module ByzantineAlpenglow: 461992
  line 150, col 21 to line 150, col 30 of module ByzantineAlpenglow: 461993
  |line 149, col 24 to line 149, col 53 of module ByzantineAlpenglow: 461993
  ||line 48, col 31 to line 48, col 97 of module ByzantineAlpenglow: 461993
  |||line 48, col 31 to line 48, col 55 of module ByzantineAlpenglow: 461993
  |||line 48, col 59 to line 48, col 97 of module ByzantineAlpenglow: 461993
  ||line 149, col 37 to line 149, col 52 of module ByzantineAlpenglow: 461993
  |||line 148, col 30 to line 148, col 108 of module ByzantineAlpenglow: 461993
  ||||line 148, col 50 to line 148, col 107 of module ByzantineAlpenglow: 1847972
  |||||line 148, col 70 to line 148, col 107 of module ByzantineAlpenglow: 10464807
  ||||||line 148, col 70 to line 148, col 87 of module ByzantineAlpenglow: 10464839
  |||||||line 148, col 70 to line 148, col 83 of module ByzantineAlpenglow: 10464839
  |||||||line 148, col 87 to line 148, col 87 of module ByzantineAlpenglow: 10464839
  ||||||line 148, col 92 to line 148, col 107 of module ByzantineAlpenglow: 2552108
  |||||line 148, col 62 to line 148, col 66 of module ByzantineAlpenglow: 1847976
  ||||line 148, col 37 to line 148, col 46 of module ByzantineAlpenglow: 461994
  line 151, col 12 to line 151, col 102 of module ByzantineAlpenglow: 461994
  |line 151, col 28 to line 151, col 102 of module ByzantineAlpenglow: 461994
  ||line 151, col 28 to line 151, col 39 of module ByzantineAlpenglow: 461994
  ||line 151, col 46 to line 151, col 102 of module ByzantineAlpenglow: 461994:923988
  |||line 151, col 47 to line 151, col 101 of module ByzantineAlpenglow: 461994
  ||||line 151, col 66 to line 151, col 78 of module ByzantineAlpenglow: 461984
  ||||line 151, col 91 to line 151, col 100 of module ByzantineAlpenglow: 461994
  |||||line 149, col 24 to line 149, col 53 of module ByzantineAlpenglow: 461994
  ||||||line 48, col 31 to line 48, col 97 of module ByzantineAlpenglow: 461996
  ||||||line 149, col 37 to line 149, col 52 of module ByzantineAlpenglow: 461996
  |||||||line 148, col 30 to line 148, col 108 of module ByzantineAlpenglow: 461996
  ||||||||line 148, col 50 to line 148, col 107 of module ByzantineAlpenglow: 1847984
  |||||||||line 148, col 70 to line 148, col 107 of module ByzantineAlpenglow: 10464904
  ||||||||||line 148, col 70 to line 148, col 87 of module ByzantineAlpenglow: 10464925
  ||||||||||line 148, col 92 to line 148, col 107 of module ByzantineAlpenglow: 2552125
  |||||||||line 148, col 62 to line 148, col 66 of module ByzantineAlpenglow: 1847996
  ||||||||line 148, col 37 to line 148, col 46 of module ByzantineAlpenglow: 461999
  line 152, col 6 to line 152, col 72 of module ByzantineAlpenglow: 461984
<FinalizeFast line 155, col 1 to line 155, col 18 of module ByzantineAlpenglow>: 69400:86239
  line 156, col 6 to line 156, col 13 of module ByzantineAlpenglow: 86238
  |line 156, col 6 to line 156, col 9 of module ByzantineAlpenglow: 1423068
  line 157, col 30 to line 157, col 49 of module ByzantineAlpenglow: 2371225
  |line 157, col 30 to line 157, col 35 of module ByzantineAlpenglow: 2284994
  line 157, col 54 to line 157, col 66 of module ByzantineAlpenglow: 367018
  |line 157, col 54 to line 157, col 59 of module ByzantineAlpenglow: 280779
  |line 157, col 63 to line 157, col 66 of module ByzantineAlpenglow: 280779
  line 157, col 15 to line 157, col 26 of module ByzantineAlpenglow: 1423069
  line 158, col 6 to line 158, col 26 of module ByzantineAlpenglow: 226630
  |line 158, col 6 to line 158, col 9 of module ByzantineAlpenglow: 140390
  |line 158, col 18 to line 158, col 26 of module ByzantineAlpenglow: 140390
  line 159, col 6 to line 159, col 39 of module ByzantineAlpenglow: 86240
  |line 159, col 19 to line 159, col 39 of module ByzantineAlpenglow: 86242
  ||line 159, col 19 to line 159, col 27 of module ByzantineAlpenglow: 86242
  ||line 159, col 34 to line 159, col 39 of module ByzantineAlpenglow: 86242:1245640
  |||line 159, col 35 to line 159, col 38 of module ByzantineAlpenglow: 86242
  line 160, col 6 to line 160, col 75 of module ByzantineAlpenglow: 86238
<FinalizeSlow line 163, col 1 to line 163, col 18 of module ByzantineAlpenglow>: 131883:215476
  line 164, col 6 to line 164, col 13 of module ByzantineAlpenglow: 215474
  |line 164, col 6 to line 164, col 9 of module ByzantineAlpenglow: 1423070
  line 165, col 30 to line 165, col 45 of module ByzantineAlpenglow: 2500466
  |line 165, col 30 to line 165, col 35 of module ByzantineAlpenglow: 2284997
  line 165, col 50 to line 165, col 62 of module ByzantineAlpenglow: 1506760
  |line 165, col 50 to line 165, col 55 of module ByzantineAlpenglow: 1291283
  |line 165, col 59 to line 165, col 62 of module ByzantineAlpenglow: 1291283
  line 165, col 15 to line 165, col 26 of module ByzantineAlpenglow: 1423074
  line 166, col 30 to line 166, col 45 of module ByzantineAlpenglow: 1727302
  |line 166, col 30 to line 166, col 35 of module ByzantineAlpenglow: 1511833
  line 166, col 50 to line 166, col 62 of module ByzantineAlpenglow: 682474
  |line 166, col 50 to line 166, col 55 of module ByzantineAlpenglow: 466995
  |line 166, col 59 to line 166, col 62 of module ByzantineAlpenglow: 466995
  line 166, col 15 to line 166, col 26 of module ByzantineAlpenglow: 645644
  line 167, col 6 to line 167, col 26 of module ByzantineAlpenglow: 571953
  |line 167, col 6 to line 167, col 9 of module ByzantineAlpenglow: 356475
  |line 167, col 18 to line 167, col 26 of module ByzantineAlpenglow: 356476
  line 168, col 6 to line 168, col 39 of module ByzantineAlpenglow: 215480
  |line 168, col 19 to line 168, col 39 of module ByzantineAlpenglow: 215480
  ||line 168, col 19 to line 168, col 27 of module ByzantineAlpenglow: 215481
  ||line 168, col 34 to line 168, col 39 of module ByzantineAlpenglow: 215481:2278269
  |||line 168, col 35 to line 168, col 38 of module ByzantineAlpenglow: 215481
  line 169, col 6 to line 169, col 75 of module ByzantineAlpenglow: 215475
<TypeOK line 190, col 1 to line 190, col 6 of module ByzantineAlpenglow>
  line 191, col 3 to line 196, col 80 of module ByzantineAlpenglow: 961682
<NoConflictingFinalizations line 199, col 1 to line 199, col 26 of module ByzantineAlpenglow>
  line 200, col 3 to line 200, col 46 of module ByzantineAlpenglow: 961682
  |line 200, col 29 to line 200, col 46 of module ByzantineAlpenglow: 275464
  ||line 200, col 29 to line 200, col 35 of module ByzantineAlpenglow: 275464
  ||line 200, col 40 to line 200, col 46 of module ByzantineAlpenglow: 16082
  |line 200, col 17 to line 200, col 25 of module ByzantineAlpenglow: 961683
<FastFinalImpliesNotar line 203, col 1 to line 203, col 21 of module ByzantineAlpenglow>
  line 204, col 3 to line 206, col 68 of module ByzantineAlpenglow: 961685
  |line 205, col 5 to line 206, col 68 of module ByzantineAlpenglow: 1687855
  ||line 205, col 6 to line 205, col 25 of module ByzantineAlpenglow: 1687855
  ||line 206, col 7 to line 206, col 68 of module ByzantineAlpenglow: 217290
  |||line 206, col 32 to line 206, col 68 of module ByzantineAlpenglow: 282429
  ||||line 206, col 32 to line 206, col 48 of module ByzantineAlpenglow: 282429
  ||||line 206, col 53 to line 206, col 68 of module ByzantineAlpenglow: 261120
  |||line 206, col 17 to line 206, col 28 of module ByzantineAlpenglow: 217290
  |line 204, col 12 to line 204, col 23 of module ByzantineAlpenglow: 961686
<FinalRequiresNotar line 209, col 1 to line 209, col 18 of module ByzantineAlpenglow>
  line 210, col 3 to line 211, col 58 of module ByzantineAlpenglow: 961686
  |line 211, col 5 to line 211, col 58 of module ByzantineAlpenglow: 259389
  ||line 211, col 29 to line 211, col 58 of module ByzantineAlpenglow: 324528
  |||line 211, col 29 to line 211, col 44 of module ByzantineAlpenglow: 324528
  |||line 211, col 49 to line 211, col 58 of module ByzantineAlpenglow: 304158
  ||line 211, col 14 to line 211, col 25 of module ByzantineAlpenglow: 259389
  |line 210, col 12 to line 210, col 20 of module ByzantineAlpenglow: 961687
<ConsistentCertificates line 216, col 1 to line 216, col 22 of module ByzantineAlpenglow>
  line 217, col 3 to line 220, col 29 of module ByzantineAlpenglow: 961688
  |line 219, col 24 to line 219, col 53 of module ByzantineAlpenglow: 1687864
  |line 218, col 29 to line 218, col 109 of module ByzantineAlpenglow: 1687864
  ||line 218, col 49 to line 218, col 108 of module ByzantineAlpenglow: 6751456
  |||line 218, col 69 to line 218, col 108 of module ByzantineAlpenglow: 38448492
  ||||line 218, col 69 to line 218, col 86 of module ByzantineAlpenglow: 38448492
  ||||line 218, col 91 to line 218, col 108 of module ByzantineAlpenglow: 9476402
  |||line 218, col 61 to line 218, col 65 of module ByzantineAlpenglow: 6751456
  ||line 218, col 36 to line 218, col 45 of module ByzantineAlpenglow: 1687864
  |line 220, col 8 to line 220, col 29 of module ByzantineAlpenglow: 1687867
  |line 217, col 12 to line 217, col 23 of module ByzantineAlpenglow: 961689
<CertificateUniqueness line 223, col 1 to line 223, col 21 of module ByzantineAlpenglow>
  line 224, col 3 to line 225, col 55 of module ByzantineAlpenglow: 961692
  |line 225, col 5 to line 225, col 55 of module ByzantineAlpenglow: 4493465
  ||line 225, col 6 to line 225, col 43 of module ByzantineAlpenglow: 4493474
  |||line 225, col 6 to line 225, col 22 of module ByzantineAlpenglow: 4493474
  ||||line 225, col 6 to line 225, col 12 of module ByzantineAlpenglow: 4493474
  ||||line 225, col 16 to line 225, col 22 of module ByzantineAlpenglow: 4493474
  |||||line 225, col 16 to line 225, col 17 of module ByzantineAlpenglow: 4493478
  |||line 225, col 27 to line 225, col 43 of module ByzantineAlpenglow: 2178630
  ||||line 225, col 27 to line 225, col 33 of module ByzantineAlpenglow: 2178633
  ||||line 225, col 37 to line 225, col 43 of module ByzantineAlpenglow: 2178648
  ||line 225, col 49 to line 225, col 55 of module ByzantineAlpenglow: 1687894
  |line 224, col 17 to line 224, col 28 of module ByzantineAlpenglow: 961696
<StakeThresholdCorrectness line 228, col 1 to line 228, col 25 of module ByzantineAlpenglow>
  line 229, col 3 to line 232, col 46 of module ByzantineAlpenglow: 961698
  |line 230, col 5 to line 232, col 46 of module ByzantineAlpenglow: 1687903
  ||line 230, col 9 to line 230, col 45 of module ByzantineAlpenglow: 1687903
  |||line 230, col 9 to line 230, col 24 of module ByzantineAlpenglow: 1687909
  |||line 230, col 29 to line 230, col 45 of module ByzantineAlpenglow: 939647
  ||line 231, col 9 to line 231, col 55 of module ByzantineAlpenglow: 748262
  |||line 231, col 9 to line 231, col 28 of module ByzantineAlpenglow: 748263
  |||line 231, col 33 to line 231, col 55 of module ByzantineAlpenglow: 217299
  ||line 232, col 9 to line 232, col 45 of module ByzantineAlpenglow: 530964
  |line 229, col 12 to line 229, col 23 of module ByzantineAlpenglow: 961701
<ChainConsistency line 235, col 1 to line 235, col 16 of module ByzantineAlpenglow>
  line 236, col 3 to line 237, col 53 of module ByzantineAlpenglow: 961701
  |line 237, col 5 to line 237, col 53 of module ByzantineAlpenglow: 275494
  ||line 237, col 6 to line 237, col 12 of module ByzantineAlpenglow: 275494
  ||line 237, col 18 to line 237, col 53 of module ByzantineAlpenglow: 8046
  |line 236, col 17 to line 236, col 25 of module ByzantineAlpenglow: 961703
<HonestNoEquivocation line 240, col 1 to line 240, col 20 of module ByzantineAlpenglow>
  line 241, col 3 to line 244, col 33 of module ByzantineAlpenglow: 961705
  |line 242, col 5 to line 244, col 33 of module ByzantineAlpenglow: 2885109
  ||line 243, col 7 to line 244, col 33 of module ByzantineAlpenglow: 261011370
  |||line 243, col 8 to line 243, col 76 of module ByzantineAlpenglow: 261011621
  ||||line 243, col 8 to line 243, col 49 of module ByzantineAlpenglow: 261011900
  |||||line 243, col 8 to line 243, col 26 of module ByzantineAlpenglow: 261012166
  ||||||line 243, col 8 to line 243, col 22 of module ByzantineAlpenglow: 261012393
  |||||||line 243, col 8 to line 243, col 12 of module ByzantineAlpenglow: 261012567
  ||||||line 243, col 26 to line 243, col 26 of module ByzantineAlpenglow: 261013148
  |||||line 243, col 31 to line 243, col 49 of module ByzantineAlpenglow: 34225775
  ||||||line 243, col 31 to line 243, col 45 of module ByzantineAlpenglow: 34225804
  ||||||line 243, col 49 to line 243, col 49 of module ByzantineAlpenglow: 34225832
  ||||line 243, col 54 to line 243, col 76 of module ByzantineAlpenglow: 5996006
  |||line 244, col 9 to line 244, col 33 of module ByzantineAlpenglow: 3698035
  ||line 242, col 25 to line 242, col 29 of module ByzantineAlpenglow: 2885131
  |line 241, col 12 to line 241, col 27 of module ByzantineAlpenglow: 961714
<FastPathRequiresStrongQuorum line 247, col 1 to line 247, col 28 of module ByzantineAlpenglow>
  line 248, col 3 to line 249, col 51 of module ByzantineAlpenglow: 961709
  |line 249, col 5 to line 249, col 51 of module ByzantineAlpenglow: 1687941
  ||line 249, col 5 to line 249, col 24 of module ByzantineAlpenglow: 1687941
  ||line 249, col 29 to line 249, col 51 of module ByzantineAlpenglow: 217302
  |line 248, col 12 to line 248, col 23 of module ByzantineAlpenglow: 961711
<FinalizedHaveValidCerts line 252, col 1 to line 252, col 23 of module ByzantineAlpenglow>
  line 253, col 3 to line 256, col 66 of module ByzantineAlpenglow: 961714
  |line 254, col 5 to line 256, col 66 of module ByzantineAlpenglow: 259404
  ||line 254, col 8 to line 254, col 65 of module ByzantineAlpenglow: 259405
  |||line 254, col 32 to line 254, col 65 of module ByzantineAlpenglow: 669143
  ||||line 254, col 32 to line 254, col 51 of module ByzantineAlpenglow: 669143
  ||||line 254, col 56 to line 254, col 65 of module ByzantineAlpenglow: 97255
  |||line 254, col 17 to line 254, col 28 of module ByzantineAlpenglow: 259405
  ||line 255, col 8 to line 256, col 66 of module ByzantineAlpenglow: 173148
  |||line 255, col 9 to line 255, col 65 of module ByzantineAlpenglow: 173148
  ||||line 255, col 34 to line 255, col 65 of module ByzantineAlpenglow: 216101
  |||||line 255, col 34 to line 255, col 50 of module ByzantineAlpenglow: 216101
  ||||||line 255, col 34 to line 255, col 40 of module ByzantineAlpenglow: 216102
  |||||||line 255, col 34 to line 255, col 35 of module ByzantineAlpenglow: 216105
  |||||line 255, col 55 to line 255, col 65 of module ByzantineAlpenglow: 202688
  ||||line 255, col 19 to line 255, col 30 of module ByzantineAlpenglow: 173151
  |||line 256, col 9 to line 256, col 65 of module ByzantineAlpenglow: 173153
  ||||line 256, col 34 to line 256, col 65 of module ByzantineAlpenglow: 394768
  |||||line 256, col 34 to line 256, col 50 of module ByzantineAlpenglow: 394768
  |||||line 256, col 55 to line 256, col 65 of module ByzantineAlpenglow: 187733
  ||||line 256, col 19 to line 256, col 30 of module ByzantineAlpenglow: 173153
  |line 253, col 12 to line 253, col 20 of module ByzantineAlpenglow: 961721
<BlocksExistBeforeVoting line 259, col 1 to line 259, col 23 of module ByzantineAlpenglow>
  line 260, col 3 to line 261, col 40 of module ByzantineAlpenglow: 961721
  |line 261, col 5 to line 261, col 40 of module ByzantineAlpenglow: 8867019
  ||line 261, col 23 to line 261, col 40 of module ByzantineAlpenglow: 16004896
  ||line 261, col 14 to line 261, col 19 of module ByzantineAlpenglow: 8867019
  |line 260, col 15 to line 260, col 19 of module ByzantineAlpenglow: 961722
<CertificatesRequireVotes line 264, col 1 to line 264, col 24 of module ByzantineAlpenglow>
  line 265, col 3 to line 266, col 64 of module ByzantineAlpenglow: 961725
  |line 266, col 5 to line 266, col 64 of module ByzantineAlpenglow: 1687985
  ||line 266, col 27 to line 266, col 64 of module ByzantineAlpenglow: 1687986
  |||line 266, col 47 to line 266, col 64 of module ByzantineAlpenglow: 4844446
  |||line 266, col 39 to line 266, col 43 of module ByzantineAlpenglow: 1687986
  ||line 266, col 14 to line 266, col 23 of module ByzantineAlpenglow: 1687986
  |line 265, col 12 to line 265, col 23 of module ByzantineAlpenglow: 961726
<EquivocationsOnlyByzantine line 280, col 1 to line 280, col 26 of module ByzantineAlpenglow>
  line 281, col 3 to line 281, col 65 of module ByzantineAlpenglow: 961726
  |line 281, col 30 to line 281, col 65 of module ByzantineAlpenglow: 1668669
  |line 281, col 13 to line 281, col 26 of module ByzantineAlpenglow: 961727
<SafetyDespiteEquivocation line 284, col 1 to line 284, col 25 of module ByzantineAlpenglow>
  line 285, col 3 to line 289, col 26 of module ByzantineAlpenglow: 961730
  |line 286, col 5 to line 289, col 26 of module ByzantineAlpenglow: 259416
  ||line 287, col 7 to line 289, col 26 of module ByzantineAlpenglow: 324577
  |||line 287, col 11 to line 287, col 70 of module ByzantineAlpenglow: 324579
  ||||line 287, col 11 to line 287, col 50 of module ByzantineAlpenglow: 324579
  |||||line 287, col 11 to line 287, col 26 of module ByzantineAlpenglow: 324579
  |||||line 287, col 31 to line 287, col 50 of module ByzantineAlpenglow: 20381
  ||||line 287, col 55 to line 287, col 70 of module ByzantineAlpenglow: 19328
  |||line 288, col 10 to line 288, col 19 of module ByzantineAlpenglow: 324579
  |||line 289, col 10 to line 289, col 26 of module ByzantineAlpenglow: 259417
  ||line 286, col 14 to line 286, col 25 of module ByzantineAlpenglow: 259418
  |line 285, col 12 to line 285, col 20 of module ByzantineAlpenglow: 961734
End of statistics.
