TLC2 Version 2.20 of Day Month 20?? (rev: 5c7ac66)
Running breadth-first search Model-Checking with fp 117 and seed 3849767184375356577 with 12 workers on 12 cores with 3641MB heap and 64MB offheap memory [pid: 5504] (Windows 11 10.0 amd64, Oracle Corporation 20.0.1 x86_64, MSBDiskFPSet, DiskStateQueue).
Parsing file C:\Users\sonis\git\alpenglow\formal-verification\ByzantineAlpenglow.tla
Parsing file C:\Users\sonis\AppData\Local\Temp\tlc-8401340035513104392\Naturals.tla (jar:file:/C:/Users/sonis/git/alpenglow/formal-verification/tla2tools.jar!/tla2sany/StandardModules/Naturals.tla)
Parsing file C:\Users\sonis\AppData\Local\Temp\tlc-8401340035513104392\FiniteSets.tla (jar:file:/C:/Users/sonis/git/alpenglow/formal-verification/tla2tools.jar!/tla2sany/StandardModules/FiniteSets.tla)
Parsing file C:\Users\sonis\AppData\Local\Temp\tlc-8401340035513104392\TLC.tla (jar:file:/C:/Users/sonis/git/alpenglow/formal-verification/tla2tools.jar!/tla2sany/StandardModules/TLC.tla)
Parsing file C:\Users\sonis\AppData\Local\Temp\tlc-8401340035513104392\_TLCTrace.tla (jar:file:/C:/Users/sonis/git/alpenglow/formal-verification/tla2tools.jar!/tla2sany/StandardModules/_TLCTrace.tla)
Parsing file C:\Users\sonis\AppData\Local\Temp\tlc-8401340035513104392\Sequences.tla (jar:file:/C:/Users/sonis/git/alpenglow/formal-verification/tla2tools.jar!/tla2sany/StandardModules/Sequences.tla)
Parsing file C:\Users\sonis\AppData\Local\Temp\tlc-8401340035513104392\TLCExt.tla (jar:file:/C:/Users/sonis/git/alpenglow/formal-verification/tla2tools.jar!/tla2sany/StandardModules/TLCExt.tla)
Parsing file C:\Users\sonis\AppData\Local\Temp\tlc-8401340035513104392\Integers.tla (jar:file:/C:/Users/sonis/git/alpenglow/formal-verification/tla2tools.jar!/tla2sany/StandardModules/Integers.tla)
Semantic processing of module Naturals
Semantic processing of module Sequences
Semantic processing of module FiniteSets
Semantic processing of module TLC
Semantic processing of module Integers
Semantic processing of module TLCExt
Semantic processing of module _TLCTrace
Semantic processing of module ByzantineAlpenglow
Linting of module TLCExt
Linting of module _TLCTrace
Linting of module ByzantineAlpenglow
Starting... (2025-10-15 21:54:24)
Warning: The invariant ByzantineStakeBounded is a constant-level formula (i.e., it contains no variables, primes, or temporal operators) and evaluates to TRUE. To assert constant-level formulas in your spec, use ASSUME ConstInv, or to give the assumption a name such as YourAssumption, use ASSUME YourAssumption == ConstInv.
(Use the -nowarning option to disable this warning.)
Warning: The invariant HonestMajority is a constant-level formula (i.e., it contains no variables, primes, or temporal operators) and evaluates to TRUE. To assert constant-level formulas in your spec, use ASSUME ConstInv, or to give the assumption a name such as YourAssumption, use ASSUME YourAssumption == ConstInv.
Computing initial states...
Finished computing initial states: 1 distinct state generated at 2025-10-15 21:54:24.
Progress(14) at 2025-10-15 21:54:27: 219,635 states generated (219,635 s/min), 37,710 distinct states found (37,710 ds/min), 16,967 states left on queue.
Progress(22) at 2025-10-15 21:55:27: 7,172,776 states generated (6,953,141 s/min), 938,953 distinct states found (901,243 ds/min), 246,175 states left on queue.
The coverage statistics at 2025-10-15 21:55:27 (see https://explain.tlapl.us/module-coverage-statistics for how to interpret the following statistics).
<currentSlot line 29, col 3 to line 29, col 13 of module ByzantineAlpenglow>: 2
<blocks line 30, col 3 to line 30, col 8 of module ByzantineAlpenglow>: 65
<votes line 31, col 3 to line 31, col 7 of module ByzantineAlpenglow>: 6457
<certificates line 32, col 3 to line 32, col 14 of module ByzantineAlpenglow>: 118
<finalized line 33, col 3 to line 33, col 11 of module ByzantineAlpenglow>: 4
<byzantineVotes line 34, col 3 to line 34, col 16 of module ByzantineAlpenglow>: 4
<Init line 65, col 1 to line 65, col 4 of module ByzantineAlpenglow>: 1:1
  line 67, col 6 to line 67, col 16 of module ByzantineAlpenglow: 1:30
  line 68, col 6 to line 68, col 15 of module ByzantineAlpenglow: 1:1997
  line 69, col 6 to line 69, col 22 of module ByzantineAlpenglow: 1:308706
  line 70, col 6 to line 70, col 19 of module ByzantineAlpenglow: 1:160164
  line 71, col 6 to line 71, col 24 of module ByzantineAlpenglow: 1
  |line 71, col 23 to line 71, col 24 of module ByzantineAlpenglow: 1:7198
<AdvanceSlot line 77, col 1 to line 77, col 11 of module ByzantineAlpenglow>: 13:2520
  line 78, col 6 to line 78, col 26 of module ByzantineAlpenglow: 2520
  |line 78, col 6 to line 78, col 16 of module ByzantineAlpenglow: 692836
  |line 78, col 20 to line 78, col 26 of module ByzantineAlpenglow: 692837
  line 79, col 6 to line 79, col 35 of module ByzantineAlpenglow: 2520
  line 80, col 6 to line 80, col 73 of module ByzantineAlpenglow: 2520
<ProduceBlock line 83, col 1 to line 83, col 15 of module ByzantineAlpenglow>: 111:983535
  line 54, col 16 to line 54, col 43 of module ByzantineAlpenglow: 3754927
  |line 54, col 16 to line 54, col 16 of module ByzantineAlpenglow: 2771386
  |line 54, col 25 to line 54, col 43 of module ByzantineAlpenglow: 2771386
  line 84, col 15 to line 84, col 15 of module ByzantineAlpenglow: 2771386
  line 85, col 6 to line 85, col 20 of module ByzantineAlpenglow: 983549
  |line 85, col 6 to line 85, col 16 of module ByzantineAlpenglow: 2078542
  line 86, col 6 to line 86, col 62 of module ByzantineAlpenglow: 3062088
  |line 86, col 7 to line 86, col 62 of module ByzantineAlpenglow: 2078541
  ||line 86, col 25 to line 86, col 62 of module ByzantineAlpenglow: 6214884
  |||line 86, col 25 to line 86, col 44 of module ByzantineAlpenglow: 6214883
  ||||line 86, col 25 to line 86, col 30 of module ByzantineAlpenglow: 6214883
  ||||line 86, col 34 to line 86, col 44 of module ByzantineAlpenglow: 6214892
  |||line 86, col 49 to line 86, col 62 of module ByzantineAlpenglow: 2814248
  ||line 86, col 16 to line 86, col 21 of module ByzantineAlpenglow: 2078550
  line 87, col 6 to line 87, col 67 of module ByzantineAlpenglow: 983557
  |line 87, col 16 to line 87, col 67 of module ByzantineAlpenglow: 983559
  ||line 87, col 16 to line 87, col 21 of module ByzantineAlpenglow: 983563
  ||line 87, col 28 to line 87, col 67 of module ByzantineAlpenglow: 983563:1998610
  |||line 87, col 29 to line 87, col 66 of module ByzantineAlpenglow: 983565
  ||||line 87, col 30 to line 87, col 49 of module ByzantineAlpenglow: 983543
  ||||line 87, col 52 to line 87, col 65 of module ByzantineAlpenglow: 983543
  line 88, col 6 to line 88, col 78 of module ByzantineAlpenglow: 983544
<HonestVote line 91, col 1 to line 91, col 19 of module ByzantineAlpenglow>: 11979:2558117
  line 54, col 16 to line 54, col 43 of module ByzantineAlpenglow: 7108293
  |line 54, col 16 to line 54, col 16 of module ByzantineAlpenglow: 5542923
  |line 54, col 25 to line 54, col 43 of module ByzantineAlpenglow: 5542923
  line 92, col 15 to line 92, col 15 of module ByzantineAlpenglow: 5542923
  line 93, col 6 to line 93, col 13 of module ByzantineAlpenglow: 1565378
  |line 93, col 6 to line 93, col 9 of module ByzantineAlpenglow: 4157191
  line 94, col 6 to line 94, col 24 of module ByzantineAlpenglow: 1565382
  |line 94, col 6 to line 94, col 9 of module ByzantineAlpenglow: 4157203
  |line 94, col 14 to line 94, col 24 of module ByzantineAlpenglow: 4157207
  line 95, col 24 to line 95, col 36 of module ByzantineAlpenglow: 15916865
  |line 95, col 24 to line 95, col 29 of module ByzantineAlpenglow: 13358721
  ||line 95, col 24 to line 95, col 24 of module ByzantineAlpenglow: 13358727
  |line 95, col 33 to line 95, col 36 of module ByzantineAlpenglow: 13358739
  line 95, col 15 to line 95, col 20 of module ByzantineAlpenglow: 4149672
  line 96, col 6 to line 96, col 64 of module ByzantineAlpenglow: 9244005
  |line 96, col 7 to line 96, col 64 of module ByzantineAlpenglow: 6685845
  ||line 96, col 27 to line 96, col 64 of module ByzantineAlpenglow: 45713692
  |||line 96, col 27 to line 96, col 44 of module ByzantineAlpenglow: 45713777
  |||line 96, col 49 to line 96, col 64 of module ByzantineAlpenglow: 6985760
  ||line 96, col 19 to line 96, col 23 of module ByzantineAlpenglow: 6685863
  line 98, col 9 to line 98, col 82 of module ByzantineAlpenglow: 2558168
  |line 98, col 18 to line 98, col 82 of module ByzantineAlpenglow: 2558175
  ||line 98, col 18 to line 98, col 22 of module ByzantineAlpenglow: 2558180
  ||line 98, col 29 to line 98, col 82 of module ByzantineAlpenglow: 2558181:5139777
  |||line 98, col 30 to line 98, col 81 of module ByzantineAlpenglow: 2558184
  line 99, col 6 to line 99, col 79 of module ByzantineAlpenglow: 2558129
<ByzantineEquivocate line 102, col 1 to line 102, col 28 of module ByzantineAlpenglow>: 401588:2228634
  line 51, col 19 to line 51, col 43 of module ByzantineAlpenglow: 2764047
  |line 51, col 19 to line 51, col 19 of module ByzantineAlpenglow: 1385776
  |line 51, col 25 to line 51, col 43 of module ByzantineAlpenglow: 1385778
  line 103, col 18 to line 103, col 18 of module ByzantineAlpenglow: 1385778
  line 104, col 6 to line 104, col 13 of module ByzantineAlpenglow: 1378278
  |line 104, col 6 to line 104, col 9 of module ByzantineAlpenglow: 1385779
  line 105, col 6 to line 105, col 24 of module ByzantineAlpenglow: 1378279
  |line 105, col 6 to line 105, col 9 of module ByzantineAlpenglow: 1385782
  |line 105, col 14 to line 105, col 24 of module ByzantineAlpenglow: 1385782
  line 106, col 24 to line 106, col 36 of module ByzantineAlpenglow: 6681703
  |line 106, col 24 to line 106, col 29 of module ByzantineAlpenglow: 4453047
  |line 106, col 33 to line 106, col 36 of module ByzantineAlpenglow: 4453052
  line 106, col 15 to line 106, col 20 of module ByzantineAlpenglow: 1383269
  line 109, col 12 to line 109, col 88 of module ByzantineAlpenglow: 2228675
  |line 109, col 21 to line 109, col 88 of module ByzantineAlpenglow: 2228678
  ||line 109, col 21 to line 109, col 25 of module ByzantineAlpenglow: 2228678
  ||line 109, col 32 to line 109, col 88 of module ByzantineAlpenglow: 2228678:4465161
  |||line 109, col 33 to line 109, col 87 of module ByzantineAlpenglow: 2228678
  ||||line 109, col 34 to line 109, col 48 of module ByzantineAlpenglow: 2228643
  ||||line 109, col 51 to line 109, col 63 of module ByzantineAlpenglow: 2228643
  ||||line 109, col 76 to line 109, col 86 of module ByzantineAlpenglow: 2228683
  |||||line 108, col 25 to line 108, col 63 of module ByzantineAlpenglow: 2228688
  ||||||line 108, col 25 to line 108, col 28 of module ByzantineAlpenglow: 2228690
  ||||||line 108, col 33 to line 108, col 62 of module ByzantineAlpenglow: 2228690
  |||||||line 108, col 33 to line 108, col 58 of module ByzantineAlpenglow: 2228693
  ||||||||line 108, col 45 to line 108, col 57 of module ByzantineAlpenglow: 2228696
  |||||||||line 107, col 27 to line 107, col 83 of module ByzantineAlpenglow: 2228699
  ||||||||||line 107, col 45 to line 107, col 82 of module ByzantineAlpenglow: 18884270
  |||||||||||line 107, col 45 to line 107, col 62 of module ByzantineAlpenglow: 18884270
  ||||||||||||line 107, col 45 to line 107, col 58 of module ByzantineAlpenglow: 18884270
  |||||||||||||line 107, col 45 to line 107, col 48 of module ByzantineAlpenglow: 18884314
  ||||||||||||line 107, col 62 to line 107, col 62 of module ByzantineAlpenglow: 18884336
  |||||||||||line 107, col 67 to line 107, col 82 of module ByzantineAlpenglow: 10658616
  ||||||||||||line 107, col 67 to line 107, col 75 of module ByzantineAlpenglow: 10658645
  ||||||||||||line 107, col 79 to line 107, col 82 of module ByzantineAlpenglow: 10658711
  ||||||||||line 107, col 37 to line 107, col 41 of module ByzantineAlpenglow: 2228723
  line 110, col 12 to line 110, col 83 of module ByzantineAlpenglow: 2228720
  |line 110, col 30 to line 110, col 83 of module ByzantineAlpenglow: 2228726
  ||line 110, col 30 to line 110, col 43 of module ByzantineAlpenglow: 2228731
  ||line 110, col 50 to line 110, col 83 of module ByzantineAlpenglow: 2228735:4460932
  |||line 110, col 51 to line 110, col 82 of module ByzantineAlpenglow: 2228735
  line 111, col 6 to line 111, col 63 of module ByzantineAlpenglow: 2228647
<CreateNotarCert line 117, col 1 to line 117, col 21 of module ByzantineAlpenglow>: 95350:400701
  line 118, col 6 to line 118, col 13 of module ByzantineAlpenglow: 247192
  |line 118, col 6 to line 118, col 9 of module ByzantineAlpenglow: 1385832
  line 119, col 6 to line 119, col 24 of module ByzantineAlpenglow: 247192
  |line 119, col 6 to line 119, col 9 of module ByzantineAlpenglow: 1385834
  |line 119, col 14 to line 119, col 24 of module ByzantineAlpenglow: 1385836
  line 120, col 24 to line 120, col 36 of module ByzantineAlpenglow: 4853904
  |line 120, col 24 to line 120, col 29 of module ByzantineAlpenglow: 4453203
  |line 120, col 33 to line 120, col 36 of module ByzantineAlpenglow: 4453209
  line 120, col 15 to line 120, col 20 of module ByzantineAlpenglow: 1383319
  line 121, col 6 to line 121, col 63 of module ByzantineAlpenglow: 2629455
  |line 121, col 7 to line 121, col 63 of module ByzantineAlpenglow: 2228757
  ||line 121, col 31 to line 121, col 63 of module ByzantineAlpenglow: 2420091
  |||line 121, col 31 to line 121, col 46 of module ByzantineAlpenglow: 2420095
  |||line 121, col 51 to line 121, col 63 of module ByzantineAlpenglow: 1806375
  ||line 121, col 16 to line 121, col 27 of module ByzantineAlpenglow: 2228761
  line 42, col 20 to line 42, col 53 of module ByzantineAlpenglow: 400701
  |line 42, col 20 to line 42, col 24 of module ByzantineAlpenglow: 1239154
  |line 42, col 30 to line 42, col 52 of module ByzantineAlpenglow: 1239153
  line 124, col 21 to line 124, col 30 of module ByzantineAlpenglow: 1239157
  |line 123, col 24 to line 123, col 53 of module ByzantineAlpenglow: 1239157
  ||line 48, col 31 to line 48, col 97 of module ByzantineAlpenglow: 1239157
  |||line 48, col 31 to line 48, col 55 of module ByzantineAlpenglow: 1239158
  |||line 48, col 59 to line 48, col 97 of module ByzantineAlpenglow: 1239157
  ||line 123, col 37 to line 123, col 52 of module ByzantineAlpenglow: 1239159
  |||line 122, col 30 to line 122, col 108 of module ByzantineAlpenglow: 1239161
  ||||line 122, col 50 to line 122, col 107 of module ByzantineAlpenglow: 4956647
  |||||line 122, col 70 to line 122, col 107 of module ByzantineAlpenglow: 32579483
  ||||||line 122, col 70 to line 122, col 87 of module ByzantineAlpenglow: 32579483
  |||||||line 122, col 70 to line 122, col 83 of module ByzantineAlpenglow: 32579557
  |||||||line 122, col 87 to line 122, col 87 of module ByzantineAlpenglow: 32579557
  ||||||line 122, col 92 to line 122, col 107 of module ByzantineAlpenglow: 6801426
  |||||line 122, col 62 to line 122, col 66 of module ByzantineAlpenglow: 4956667
  ||||line 122, col 37 to line 122, col 46 of module ByzantineAlpenglow: 1239168
  line 125, col 12 to line 125, col 102 of module ByzantineAlpenglow: 400703
  |line 125, col 28 to line 125, col 102 of module ByzantineAlpenglow: 400703
  ||line 125, col 28 to line 125, col 39 of module ByzantineAlpenglow: 400703
  ||line 125, col 46 to line 125, col 102 of module ByzantineAlpenglow: 400703:1656007
  |||line 125, col 47 to line 125, col 101 of module ByzantineAlpenglow: 400703
  ||||line 125, col 66 to line 125, col 78 of module ByzantineAlpenglow: 400701
  ||||line 125, col 91 to line 125, col 100 of module ByzantineAlpenglow: 400703
  |||||line 123, col 24 to line 123, col 53 of module ByzantineAlpenglow: 400703
  ||||||line 48, col 31 to line 48, col 97 of module ByzantineAlpenglow: 400703
  ||||||line 123, col 37 to line 123, col 52 of module ByzantineAlpenglow: 400705
  |||||||line 122, col 30 to line 122, col 108 of module ByzantineAlpenglow: 400705
  ||||||||line 122, col 50 to line 122, col 107 of module ByzantineAlpenglow: 1602820
  |||||||||line 122, col 70 to line 122, col 107 of module ByzantineAlpenglow: 9973124
  ||||||||||line 122, col 70 to line 122, col 87 of module ByzantineAlpenglow: 9973124
  ||||||||||line 122, col 92 to line 122, col 107 of module ByzantineAlpenglow: 2254140
  |||||||||line 122, col 62 to line 122, col 66 of module ByzantineAlpenglow: 1602820
  ||||||||line 122, col 37 to line 122, col 46 of module ByzantineAlpenglow: 400705
  line 126, col 6 to line 126, col 72 of module ByzantineAlpenglow: 400701
<CreateFastFinalCert line 129, col 1 to line 129, col 25 of module ByzantineAlpenglow>: 57859:263287
  line 130, col 6 to line 130, col 13 of module ByzantineAlpenglow: 166033
  |line 130, col 6 to line 130, col 9 of module ByzantineAlpenglow: 1385891
  line 131, col 6 to line 131, col 24 of module ByzantineAlpenglow: 166033
  |line 131, col 6 to line 131, col 9 of module ByzantineAlpenglow: 1385893
  |line 131, col 14 to line 131, col 24 of module ByzantineAlpenglow: 1385897
  line 132, col 24 to line 132, col 36 of module ByzantineAlpenglow: 4716675
  |line 132, col 24 to line 132, col 29 of module ByzantineAlpenglow: 4453386
  |line 132, col 33 to line 132, col 36 of module ByzantineAlpenglow: 4453388
  line 132, col 15 to line 132, col 20 of module ByzantineAlpenglow: 1383382
  line 133, col 30 to line 133, col 45 of module ByzantineAlpenglow: 3728345
  |line 133, col 30 to line 133, col 35 of module ByzantineAlpenglow: 3465051
  line 133, col 50 to line 133, col 62 of module ByzantineAlpenglow: 2233311
  |line 133, col 50 to line 133, col 55 of module ByzantineAlpenglow: 1970017
  |line 133, col 59 to line 133, col 62 of module ByzantineAlpenglow: 1970017
  line 133, col 15 to line 133, col 26 of module ByzantineAlpenglow: 2228847
  line 134, col 6 to line 134, col 67 of module ByzantineAlpenglow: 1252953
  |line 134, col 7 to line 134, col 67 of module ByzantineAlpenglow: 989659
  ||line 134, col 31 to line 134, col 67 of module ByzantineAlpenglow: 2187169
  |||line 134, col 31 to line 134, col 50 of module ByzantineAlpenglow: 2187174
  |||line 134, col 55 to line 134, col 67 of module ByzantineAlpenglow: 253266
  ||line 134, col 16 to line 134, col 27 of module ByzantineAlpenglow: 989663
  line 45, col 26 to line 45, col 59 of module ByzantineAlpenglow: 263298
  |line 45, col 26 to line 45, col 30 of module ByzantineAlpenglow: 779684
  |line 45, col 36 to line 45, col 58 of module ByzantineAlpenglow: 779684
  line 137, col 27 to line 137, col 36 of module ByzantineAlpenglow: 779684
  |line 136, col 24 to line 136, col 53 of module ByzantineAlpenglow: 779684
  ||line 48, col 31 to line 48, col 97 of module ByzantineAlpenglow: 779684
  ||line 136, col 37 to line 136, col 52 of module ByzantineAlpenglow: 779684
  |||line 135, col 30 to line 135, col 108 of module ByzantineAlpenglow: 779684
  ||||line 135, col 50 to line 135, col 107 of module ByzantineAlpenglow: 3118736
  |||||line 135, col 70 to line 135, col 107 of module ByzantineAlpenglow: 17125155
  ||||||line 135, col 70 to line 135, col 87 of module ByzantineAlpenglow: 17125155
  ||||||line 135, col 92 to line 135, col 107 of module ByzantineAlpenglow: 4155330
  |||||line 135, col 62 to line 135, col 66 of module ByzantineAlpenglow: 3118744
  ||||line 135, col 37 to line 135, col 46 of module ByzantineAlpenglow: 779686
  line 138, col 12 to line 138, col 106 of module ByzantineAlpenglow: 263300
  |line 138, col 28 to line 138, col 106 of module ByzantineAlpenglow: 263301
  ||line 138, col 28 to line 138, col 39 of module ByzantineAlpenglow: 263301
  ||line 138, col 46 to line 138, col 106 of module ByzantineAlpenglow: 263301:526602
  |||line 138, col 47 to line 138, col 105 of module ByzantineAlpenglow: 263301
  ||||line 138, col 70 to line 138, col 82 of module ByzantineAlpenglow: 263289
  ||||line 138, col 95 to line 138, col 104 of module ByzantineAlpenglow: 263301
  |||||line 136, col 24 to line 136, col 53 of module ByzantineAlpenglow: 263301
  ||||||line 48, col 31 to line 48, col 97 of module ByzantineAlpenglow: 263301
  ||||||line 136, col 37 to line 136, col 52 of module ByzantineAlpenglow: 263301
  |||||||line 135, col 30 to line 135, col 108 of module ByzantineAlpenglow: 263301
  ||||||||line 135, col 50 to line 135, col 107 of module ByzantineAlpenglow: 1053204
  |||||||||line 135, col 70 to line 135, col 107 of module ByzantineAlpenglow: 5431983
  ||||||||||line 135, col 70 to line 135, col 87 of module ByzantineAlpenglow: 5431983
  ||||||||||line 135, col 92 to line 135, col 107 of module ByzantineAlpenglow: 1466502
  |||||||||line 135, col 62 to line 135, col 66 of module ByzantineAlpenglow: 1053216
  ||||||||line 135, col 37 to line 135, col 46 of module ByzantineAlpenglow: 263304
  line 139, col 6 to line 139, col 72 of module ByzantineAlpenglow: 263289
<CreateFinalCert line 142, col 1 to line 142, col 21 of module ByzantineAlpenglow>: 174895:447561
  line 143, col 6 to line 143, col 13 of module ByzantineAlpenglow: 279604
  |line 143, col 6 to line 143, col 9 of module ByzantineAlpenglow: 1385935
  line 144, col 6 to line 144, col 24 of module ByzantineAlpenglow: 279606
  |line 144, col 6 to line 144, col 9 of module ByzantineAlpenglow: 1385938
  |line 144, col 14 to line 144, col 24 of module ByzantineAlpenglow: 1385939
  line 145, col 24 to line 145, col 36 of module ByzantineAlpenglow: 4901073
  |line 145, col 24 to line 145, col 29 of module ByzantineAlpenglow: 4453505
  |line 145, col 33 to line 145, col 36 of module ByzantineAlpenglow: 4453517
  line 145, col 15 to line 145, col 20 of module ByzantineAlpenglow: 1383423
  line 146, col 30 to line 146, col 45 of module ByzantineAlpenglow: 3912748
  |line 146, col 30 to line 146, col 35 of module ByzantineAlpenglow: 3465186
  line 146, col 50 to line 146, col 62 of module ByzantineAlpenglow: 2417646
  |line 146, col 50 to line 146, col 55 of module ByzantineAlpenglow: 1970082
  |line 146, col 59 to line 146, col 62 of module ByzantineAlpenglow: 1970083
  line 146, col 15 to line 146, col 26 of module ByzantineAlpenglow: 2228917
  line 147, col 6 to line 147, col 63 of module ByzantineAlpenglow: 1437273
  |line 147, col 7 to line 147, col 63 of module ByzantineAlpenglow: 989703
  ||line 147, col 31 to line 147, col 63 of module ByzantineAlpenglow: 2105567
  |||line 147, col 31 to line 147, col 46 of module ByzantineAlpenglow: 2105567
  ||||line 147, col 31 to line 147, col 36 of module ByzantineAlpenglow: 2105567
  |||||line 147, col 31 to line 147, col 31 of module ByzantineAlpenglow: 2105567
  |||line 147, col 51 to line 147, col 63 of module ByzantineAlpenglow: 660499
  ||||line 147, col 51 to line 147, col 56 of module ByzantineAlpenglow: 660499
  |||||line 147, col 51 to line 147, col 51 of module ByzantineAlpenglow: 660503
  ||||line 147, col 60 to line 147, col 63 of module ByzantineAlpenglow: 660503
  ||line 147, col 16 to line 147, col 27 of module ByzantineAlpenglow: 989707
  line 42, col 20 to line 42, col 53 of module ByzantineAlpenglow: 447570
  |line 42, col 20 to line 42, col 24 of module ByzantineAlpenglow: 447570
  |line 42, col 30 to line 42, col 52 of module ByzantineAlpenglow: 447572
  ||line 42, col 31 to line 42, col 44 of module ByzantineAlpenglow: 447572
  |||line 42, col 31 to line 42, col 40 of module ByzantineAlpenglow: 447572
  line 150, col 21 to line 150, col 30 of module ByzantineAlpenglow: 447572
  |line 149, col 24 to line 149, col 53 of module ByzantineAlpenglow: 447572
  ||line 48, col 31 to line 48, col 97 of module ByzantineAlpenglow: 447572
  ||line 149, col 37 to line 149, col 52 of module ByzantineAlpenglow: 447572
  |||line 148, col 30 to line 148, col 108 of module ByzantineAlpenglow: 447572
  ||||line 148, col 50 to line 148, col 107 of module ByzantineAlpenglow: 1790288
  |||||line 148, col 70 to line 148, col 107 of module ByzantineAlpenglow: 10018331
  ||||||line 148, col 70 to line 148, col 87 of module ByzantineAlpenglow: 10018331
  ||||||line 148, col 92 to line 148, col 107 of module ByzantineAlpenglow: 2449267
  |||||line 148, col 62 to line 148, col 66 of module ByzantineAlpenglow: 1790288
  ||||line 148, col 37 to line 148, col 46 of module ByzantineAlpenglow: 447572
  line 151, col 12 to line 151, col 102 of module ByzantineAlpenglow: 447572
  |line 151, col 28 to line 151, col 102 of module ByzantineAlpenglow: 447573
  ||line 151, col 28 to line 151, col 39 of module ByzantineAlpenglow: 447574
  ||line 151, col 46 to line 151, col 102 of module ByzantineAlpenglow: 447575:895150
  |||line 151, col 47 to line 151, col 101 of module ByzantineAlpenglow: 447577
  ||||line 151, col 66 to line 151, col 78 of module ByzantineAlpenglow: 447564
  ||||line 151, col 91 to line 151, col 100 of module ByzantineAlpenglow: 447579
  |||||line 149, col 24 to line 149, col 53 of module ByzantineAlpenglow: 447579
  ||||||line 48, col 31 to line 48, col 97 of module ByzantineAlpenglow: 447580
  ||||||line 149, col 37 to line 149, col 52 of module ByzantineAlpenglow: 447580
  |||||||line 148, col 30 to line 148, col 108 of module ByzantineAlpenglow: 447582
  ||||||||line 148, col 50 to line 148, col 107 of module ByzantineAlpenglow: 1790328
  |||||||||line 148, col 70 to line 148, col 107 of module ByzantineAlpenglow: 10018583
  ||||||||||line 148, col 70 to line 148, col 87 of module ByzantineAlpenglow: 10018593
  ||||||||||line 148, col 92 to line 148, col 107 of module ByzantineAlpenglow: 2449323
  |||||||||line 148, col 62 to line 148, col 66 of module ByzantineAlpenglow: 1790344
  ||||||||line 148, col 37 to line 148, col 46 of module ByzantineAlpenglow: 447587
  line 152, col 6 to line 152, col 72 of module ByzantineAlpenglow: 447562
<FinalizeFast line 155, col 1 to line 155, col 18 of module ByzantineAlpenglow>: 67494:82245
  line 156, col 6 to line 156, col 13 of module ByzantineAlpenglow: 82243
  |line 156, col 6 to line 156, col 9 of module ByzantineAlpenglow: 1386143
  line 157, col 30 to line 157, col 49 of module ByzantineAlpenglow: 2277362
  |line 157, col 30 to line 157, col 35 of module ByzantineAlpenglow: 2195098
  line 157, col 54 to line 157, col 66 of module ByzantineAlpenglow: 349443
  |line 157, col 54 to line 157, col 59 of module ByzantineAlpenglow: 267179
  |line 157, col 63 to line 157, col 66 of module ByzantineAlpenglow: 267179
  line 157, col 15 to line 157, col 26 of module ByzantineAlpenglow: 1386145
  line 158, col 6 to line 158, col 26 of module ByzantineAlpenglow: 215854
  |line 158, col 6 to line 158, col 9 of module ByzantineAlpenglow: 133590
  |line 158, col 18 to line 158, col 26 of module ByzantineAlpenglow: 133590
  line 159, col 6 to line 159, col 39 of module ByzantineAlpenglow: 82264
  |line 159, col 19 to line 159, col 39 of module ByzantineAlpenglow: 82265
  ||line 159, col 19 to line 159, col 27 of module ByzantineAlpenglow: 82265
  ||line 159, col 34 to line 159, col 39 of module ByzantineAlpenglow: 82265:1212770
  |||line 159, col 35 to line 159, col 38 of module ByzantineAlpenglow: 82265
  line 160, col 6 to line 160, col 75 of module ByzantineAlpenglow: 82243
<FinalizeSlow line 163, col 1 to line 163, col 18 of module ByzantineAlpenglow>: 129871:207322
  line 164, col 6 to line 164, col 13 of module ByzantineAlpenglow: 207322
  |line 164, col 6 to line 164, col 9 of module ByzantineAlpenglow: 1386176
  line 165, col 30 to line 165, col 45 of module ByzantineAlpenglow: 2402452
  |line 165, col 30 to line 165, col 35 of module ByzantineAlpenglow: 2195131
  line 165, col 50 to line 165, col 62 of module ByzantineAlpenglow: 1450941
  |line 165, col 50 to line 165, col 55 of module ByzantineAlpenglow: 1243619
  |line 165, col 59 to line 165, col 62 of module ByzantineAlpenglow: 1243619
  line 165, col 15 to line 165, col 26 of module ByzantineAlpenglow: 1386177
  line 166, col 30 to line 166, col 45 of module ByzantineAlpenglow: 1646578
  |line 166, col 30 to line 166, col 35 of module ByzantineAlpenglow: 1439257
  line 166, col 50 to line 166, col 62 of module ByzantineAlpenglow: 651295
  |line 166, col 50 to line 166, col 55 of module ByzantineAlpenglow: 443972
  |line 166, col 59 to line 166, col 62 of module ByzantineAlpenglow: 443972
  line 166, col 15 to line 166, col 26 of module ByzantineAlpenglow: 621815
  line 167, col 6 to line 167, col 26 of module ByzantineAlpenglow: 549497
  |line 167, col 6 to line 167, col 9 of module ByzantineAlpenglow: 342172
  |line 167, col 18 to line 167, col 26 of module ByzantineAlpenglow: 342172
  line 168, col 6 to line 168, col 39 of module ByzantineAlpenglow: 207325
  |line 168, col 19 to line 168, col 39 of module ByzantineAlpenglow: 207326
  ||line 168, col 19 to line 168, col 27 of module ByzantineAlpenglow: 207326
  ||line 168, col 34 to line 168, col 39 of module ByzantineAlpenglow: 207326:2251794
  |||line 168, col 35 to line 168, col 38 of module ByzantineAlpenglow: 207326
  line 169, col 6 to line 169, col 75 of module ByzantineAlpenglow: 207322
<TypeOK line 190, col 1 to line 190, col 6 of module ByzantineAlpenglow>
  line 191, col 3 to line 196, col 80 of module ByzantineAlpenglow: 939328
  |line 191, col 6 to line 191, col 31 of module ByzantineAlpenglow: 939328
  |line 192, col 6 to line 192, col 62 of module ByzantineAlpenglow: 939329
  |line 193, col 6 to line 193, col 74 of module ByzantineAlpenglow: 939329
  |line 194, col 6 to line 194, col 97 of module ByzantineAlpenglow: 939330
  |line 195, col 6 to line 195, col 35 of module ByzantineAlpenglow: 939330
  |line 196, col 6 to line 196, col 80 of module ByzantineAlpenglow: 939330
<NoConflictingFinalizations line 199, col 1 to line 199, col 26 of module ByzantineAlpenglow>
  line 200, col 3 to line 200, col 46 of module ByzantineAlpenglow: 939332
  |line 200, col 29 to line 200, col 46 of module ByzantineAlpenglow: 263543
  ||line 200, col 29 to line 200, col 35 of module ByzantineAlpenglow: 263543
  ||line 200, col 40 to line 200, col 46 of module ByzantineAlpenglow: 14210
  |line 200, col 17 to line 200, col 25 of module ByzantineAlpenglow: 939335
<FastFinalImpliesNotar line 203, col 1 to line 203, col 21 of module ByzantineAlpenglow>
  line 204, col 3 to line 206, col 68 of module ByzantineAlpenglow: 939335
  |line 205, col 5 to line 206, col 68 of module ByzantineAlpenglow: 1630222
  ||line 205, col 6 to line 205, col 25 of module ByzantineAlpenglow: 1630224
  ||line 206, col 7 to line 206, col 68 of module ByzantineAlpenglow: 208087
  |||line 206, col 32 to line 206, col 68 of module ByzantineAlpenglow: 267716
  ||||line 206, col 32 to line 206, col 48 of module ByzantineAlpenglow: 267716
  ||||line 206, col 53 to line 206, col 68 of module ByzantineAlpenglow: 248488
  |||line 206, col 17 to line 206, col 28 of module ByzantineAlpenglow: 208087
  |line 204, col 12 to line 204, col 23 of module ByzantineAlpenglow: 939340
<FinalRequiresNotar line 209, col 1 to line 209, col 18 of module ByzantineAlpenglow>
  line 210, col 3 to line 211, col 58 of module ByzantineAlpenglow: 939341
  |line 211, col 5 to line 211, col 58 of module ByzantineAlpenglow: 249333
  ||line 211, col 29 to line 211, col 58 of module ByzantineAlpenglow: 309405
  |||line 211, col 29 to line 211, col 44 of module ByzantineAlpenglow: 309405
  |||line 211, col 49 to line 211, col 58 of module ByzantineAlpenglow: 290855
  ||line 211, col 14 to line 211, col 25 of module ByzantineAlpenglow: 249333
  |line 210, col 12 to line 210, col 20 of module ByzantineAlpenglow: 939343
<ConsistentCertificates line 216, col 1 to line 216, col 22 of module ByzantineAlpenglow>
  line 217, col 3 to line 220, col 29 of module ByzantineAlpenglow: 939345
  |line 219, col 24 to line 219, col 53 of module ByzantineAlpenglow: 1630235
  |line 218, col 29 to line 218, col 109 of module ByzantineAlpenglow: 1630237
  ||line 218, col 49 to line 218, col 108 of module ByzantineAlpenglow: 6520948
  |||line 218, col 69 to line 218, col 108 of module ByzantineAlpenglow: 36835074
  ||||line 218, col 69 to line 218, col 86 of module ByzantineAlpenglow: 36835113
  ||||line 218, col 91 to line 218, col 108 of module ByzantineAlpenglow: 9103763
  |||line 218, col 61 to line 218, col 65 of module ByzantineAlpenglow: 6520971
  ||line 218, col 36 to line 218, col 45 of module ByzantineAlpenglow: 1630243
  |line 220, col 8 to line 220, col 29 of module ByzantineAlpenglow: 1630243
  |line 217, col 12 to line 217, col 23 of module ByzantineAlpenglow: 939350
<CertificateUniqueness line 223, col 1 to line 223, col 21 of module ByzantineAlpenglow>
  line 224, col 3 to line 225, col 55 of module ByzantineAlpenglow: 939350
  |line 225, col 5 to line 225, col 55 of module ByzantineAlpenglow: 4299624
  ||line 225, col 6 to line 225, col 43 of module ByzantineAlpenglow: 4299624
  |||line 225, col 6 to line 225, col 22 of module ByzantineAlpenglow: 4299624
  |||line 225, col 27 to line 225, col 43 of module ByzantineAlpenglow: 2092362
  ||line 225, col 49 to line 225, col 55 of module ByzantineAlpenglow: 1630246
  |line 224, col 17 to line 224, col 28 of module ByzantineAlpenglow: 939354
<StakeThresholdCorrectness line 228, col 1 to line 228, col 25 of module ByzantineAlpenglow>
  line 229, col 3 to line 232, col 46 of module ByzantineAlpenglow: 939355
  |line 230, col 5 to line 232, col 46 of module ByzantineAlpenglow: 1630250
  ||line 230, col 9 to line 230, col 45 of module ByzantineAlpenglow: 1630250
  |||line 230, col 9 to line 230, col 24 of module ByzantineAlpenglow: 1630252
  |||line 230, col 29 to line 230, col 45 of module ByzantineAlpenglow: 909610
  ||line 231, col 9 to line 231, col 55 of module ByzantineAlpenglow: 720645
  |||line 231, col 9 to line 231, col 28 of module ByzantineAlpenglow: 720645
  |||line 231, col 33 to line 231, col 55 of module ByzantineAlpenglow: 208090
  ||line 232, col 9 to line 232, col 45 of module ByzantineAlpenglow: 512555
  |line 229, col 12 to line 229, col 23 of module ByzantineAlpenglow: 939357
<ChainConsistency line 235, col 1 to line 235, col 16 of module ByzantineAlpenglow>
  line 236, col 3 to line 237, col 53 of module ByzantineAlpenglow: 939361
  |line 237, col 5 to line 237, col 53 of module ByzantineAlpenglow: 263550
  ||line 237, col 6 to line 237, col 12 of module ByzantineAlpenglow: 263550
  ||line 237, col 18 to line 237, col 53 of module ByzantineAlpenglow: 7105
  |line 236, col 17 to line 236, col 25 of module ByzantineAlpenglow: 939361
<HonestNoEquivocation line 240, col 1 to line 240, col 20 of module ByzantineAlpenglow>
  line 241, col 3 to line 244, col 33 of module ByzantineAlpenglow: 939362
  |line 242, col 5 to line 244, col 33 of module ByzantineAlpenglow: 2818081
  ||line 243, col 7 to line 244, col 33 of module ByzantineAlpenglow: 250773855
  |||line 243, col 8 to line 243, col 76 of module ByzantineAlpenglow: 250774004
  ||||line 243, col 8 to line 243, col 49 of module ByzantineAlpenglow: 250774155
  |||||line 243, col 8 to line 243, col 26 of module ByzantineAlpenglow: 250774305
  ||||||line 243, col 8 to line 243, col 22 of module ByzantineAlpenglow: 250774390
  |||||||line 243, col 8 to line 243, col 12 of module ByzantineAlpenglow: 250774395
  ||||||line 243, col 26 to line 243, col 26 of module ByzantineAlpenglow: 250774394
  |||||line 243, col 31 to line 243, col 49 of module ByzantineAlpenglow: 33007685
  ||||line 243, col 54 to line 243, col 76 of module ByzantineAlpenglow: 5816707
  |||line 244, col 9 to line 244, col 33 of module ByzantineAlpenglow: 3596361
  ||line 242, col 25 to line 242, col 29 of module ByzantineAlpenglow: 2818088
  |line 241, col 12 to line 241, col 27 of module ByzantineAlpenglow: 939366
<FastPathRequiresStrongQuorum line 247, col 1 to line 247, col 28 of module ByzantineAlpenglow>
  line 248, col 3 to line 249, col 51 of module ByzantineAlpenglow: 939359
  |line 249, col 5 to line 249, col 51 of module ByzantineAlpenglow: 1630259
  ||line 249, col 5 to line 249, col 24 of module ByzantineAlpenglow: 1630259
  ||line 249, col 29 to line 249, col 51 of module ByzantineAlpenglow: 208090
  |line 248, col 12 to line 248, col 23 of module ByzantineAlpenglow: 939361
<FinalizedHaveValidCerts line 252, col 1 to line 252, col 23 of module ByzantineAlpenglow>
  line 253, col 3 to line 256, col 66 of module ByzantineAlpenglow: 939363
  |line 254, col 5 to line 256, col 66 of module ByzantineAlpenglow: 249341
  ||line 254, col 8 to line 254, col 65 of module ByzantineAlpenglow: 249341
  |||line 254, col 32 to line 254, col 65 of module ByzantineAlpenglow: 637320
  ||||line 254, col 32 to line 254, col 51 of module ByzantineAlpenglow: 637320
  ||||line 254, col 56 to line 254, col 65 of module ByzantineAlpenglow: 91853
  |||line 254, col 17 to line 254, col 28 of module ByzantineAlpenglow: 249341
  ||line 255, col 8 to line 256, col 66 of module ByzantineAlpenglow: 167074
  |||line 255, col 9 to line 255, col 65 of module ByzantineAlpenglow: 167074
  ||||line 255, col 34 to line 255, col 65 of module ByzantineAlpenglow: 207238
  |||||line 255, col 34 to line 255, col 50 of module ByzantineAlpenglow: 207238
  |||||line 255, col 55 to line 255, col 65 of module ByzantineAlpenglow: 194798
  ||||line 255, col 19 to line 255, col 30 of module ByzantineAlpenglow: 167075
  |||line 256, col 9 to line 256, col 65 of module ByzantineAlpenglow: 167075
  ||||line 256, col 34 to line 256, col 65 of module ByzantineAlpenglow: 379257
  |||||line 256, col 34 to line 256, col 50 of module ByzantineAlpenglow: 379257
  |||||line 256, col 55 to line 256, col 65 of module ByzantineAlpenglow: 180583
  ||||line 256, col 19 to line 256, col 30 of module ByzantineAlpenglow: 167075
  |line 253, col 12 to line 253, col 20 of module ByzantineAlpenglow: 939370
<BlocksExistBeforeVoting line 259, col 1 to line 259, col 23 of module ByzantineAlpenglow>
  line 260, col 3 to line 261, col 40 of module ByzantineAlpenglow: 939372
  |line 261, col 5 to line 261, col 40 of module ByzantineAlpenglow: 8593632
  ||line 261, col 23 to line 261, col 40 of module ByzantineAlpenglow: 15580473
  ||line 261, col 14 to line 261, col 19 of module ByzantineAlpenglow: 8593658
  |line 260, col 15 to line 260, col 19 of module ByzantineAlpenglow: 939375
<CertificatesRequireVotes line 264, col 1 to line 264, col 24 of module ByzantineAlpenglow>
  line 265, col 3 to line 266, col 64 of module ByzantineAlpenglow: 939376
  |line 266, col 5 to line 266, col 64 of module ByzantineAlpenglow: 1630279
  ||line 266, col 27 to line 266, col 64 of module ByzantineAlpenglow: 1630279
  |||line 266, col 47 to line 266, col 64 of module ByzantineAlpenglow: 4635397
  |||line 266, col 39 to line 266, col 43 of module ByzantineAlpenglow: 1630279
  ||line 266, col 14 to line 266, col 23 of module ByzantineAlpenglow: 1630279
  |line 265, col 12 to line 265, col 23 of module ByzantineAlpenglow: 939377
<EquivocationsOnlyByzantine line 280, col 1 to line 280, col 26 of module ByzantineAlpenglow>
  line 281, col 3 to line 281, col 65 of module ByzantineAlpenglow: 939378
  |line 281, col 30 to line 281, col 65 of module ByzantineAlpenglow: 1625589
  |line 281, col 13 to line 281, col 26 of module ByzantineAlpenglow: 939378
<SafetyDespiteEquivocation line 284, col 1 to line 284, col 25 of module ByzantineAlpenglow>
  line 285, col 3 to line 289, col 26 of module ByzantineAlpenglow: 939378
  |line 286, col 5 to line 289, col 26 of module ByzantineAlpenglow: 249344
  ||line 287, col 7 to line 289, col 26 of module ByzantineAlpenglow: 309417
  |||line 287, col 11 to line 287, col 70 of module ByzantineAlpenglow: 309417
  ||||line 287, col 11 to line 287, col 50 of module ByzantineAlpenglow: 309417
  |||||line 287, col 11 to line 287, col 26 of module ByzantineAlpenglow: 309417
  |||||line 287, col 31 to line 287, col 50 of module ByzantineAlpenglow: 18550
  ||||line 287, col 55 to line 287, col 70 of module ByzantineAlpenglow: 17708
  |||line 288, col 10 to line 288, col 19 of module ByzantineAlpenglow: 309417
  |||line 289, col 10 to line 289, col 26 of module ByzantineAlpenglow: 249345
  ||line 286, col 14 to line 286, col 25 of module ByzantineAlpenglow: 249345
  |line 285, col 12 to line 285, col 20 of module ByzantineAlpenglow: 939385
End of statistics.
Progress(24) at 2025-10-15 21:56:27: 13,057,193 states generated (5,884,417 s/min), 1,637,035 distinct states found (698,082 ds/min), 364,547 states left on queue.
Progress(25) at 2025-10-15 21:57:27: 18,326,178 states generated (5,268,985 s/min), 2,234,973 distinct states found (597,938 ds/min), 446,072 states left on queue.
The coverage statistics at 2025-10-15 21:57:27 (see https://explain.tlapl.us/module-coverage-statistics for how to interpret the following statistics).
<currentSlot line 29, col 3 to line 29, col 13 of module ByzantineAlpenglow>: 2
<blocks line 30, col 3 to line 30, col 8 of module ByzantineAlpenglow>: 65
<votes line 31, col 3 to line 31, col 7 of module ByzantineAlpenglow>: 10224
<certificates line 32, col 3 to line 32, col 14 of module ByzantineAlpenglow>: 118
<finalized line 33, col 3 to line 33, col 11 of module ByzantineAlpenglow>: 4
<byzantineVotes line 34, col 3 to line 34, col 16 of module ByzantineAlpenglow>: 4
<Init line 65, col 1 to line 65, col 4 of module ByzantineAlpenglow>: 1:1
  line 67, col 6 to line 67, col 16 of module ByzantineAlpenglow: 1:30
  line 68, col 6 to line 68, col 15 of module ByzantineAlpenglow: 1:1997
  line 69, col 6 to line 69, col 22 of module ByzantineAlpenglow: 1:308706
  line 70, col 6 to line 70, col 19 of module ByzantineAlpenglow: 1:160164
  line 71, col 6 to line 71, col 24 of module ByzantineAlpenglow: 1
  |line 71, col 23 to line 71, col 24 of module ByzantineAlpenglow: 1:7198
<AdvanceSlot line 77, col 1 to line 77, col 11 of module ByzantineAlpenglow>: 13:3290
  line 78, col 6 to line 78, col 26 of module ByzantineAlpenglow: 3290
  |line 78, col 6 to line 78, col 16 of module ByzantineAlpenglow: 1788911
  |line 78, col 20 to line 78, col 26 of module ByzantineAlpenglow: 1788911
  line 79, col 6 to line 79, col 35 of module ByzantineAlpenglow: 3290
  line 80, col 6 to line 80, col 73 of module ByzantineAlpenglow: 3290
<ProduceBlock line 83, col 1 to line 83, col 15 of module ByzantineAlpenglow>: 111:2484645
  line 54, col 16 to line 54, col 43 of module ByzantineAlpenglow: 9640291
  |line 54, col 16 to line 54, col 16 of module ByzantineAlpenglow: 7155655
  |line 54, col 25 to line 54, col 43 of module ByzantineAlpenglow: 7155656
  line 84, col 15 to line 84, col 15 of module ByzantineAlpenglow: 7155656
  line 85, col 6 to line 85, col 20 of module ByzantineAlpenglow: 2484648
  |line 85, col 6 to line 85, col 16 of module ByzantineAlpenglow: 5366742
  line 86, col 6 to line 86, col 62 of module ByzantineAlpenglow: 7851395
  |line 86, col 7 to line 86, col 62 of module ByzantineAlpenglow: 5366748
  ||line 86, col 25 to line 86, col 62 of module ByzantineAlpenglow: 16447624
  |||line 86, col 25 to line 86, col 44 of module ByzantineAlpenglow: 16447624
  |||line 86, col 49 to line 86, col 62 of module ByzantineAlpenglow: 7362340
  ||line 86, col 16 to line 86, col 21 of module ByzantineAlpenglow: 5366754
  line 87, col 6 to line 87, col 67 of module ByzantineAlpenglow: 2484653
  |line 87, col 16 to line 87, col 67 of module ByzantineAlpenglow: 2484653
  ||line 87, col 16 to line 87, col 21 of module ByzantineAlpenglow: 2484653
  ||line 87, col 28 to line 87, col 67 of module ByzantineAlpenglow: 2484653:5000790
  |||line 87, col 29 to line 87, col 66 of module ByzantineAlpenglow: 2484656
  line 88, col 6 to line 88, col 78 of module ByzantineAlpenglow: 2484645
<HonestVote line 91, col 1 to line 91, col 19 of module ByzantineAlpenglow>: 21093:5720426
  line 54, col 16 to line 54, col 43 of module ByzantineAlpenglow: 17742258
  |line 54, col 16 to line 54, col 16 of module ByzantineAlpenglow: 14311400
  |line 54, col 25 to line 54, col 43 of module ByzantineAlpenglow: 14311400
  line 92, col 15 to line 92, col 15 of module ByzantineAlpenglow: 14311400
  line 93, col 6 to line 93, col 13 of module ByzantineAlpenglow: 3430858
  |line 93, col 6 to line 93, col 9 of module ByzantineAlpenglow: 10733554
  line 94, col 6 to line 94, col 24 of module ByzantineAlpenglow: 3430860
  |line 94, col 6 to line 94, col 9 of module ByzantineAlpenglow: 10733557
  |line 94, col 14 to line 94, col 24 of module ByzantineAlpenglow: 10733559
  line 95, col 24 to line 95, col 36 of module ByzantineAlpenglow: 41166952
  |line 95, col 24 to line 95, col 29 of module ByzantineAlpenglow: 35446515
  ||line 95, col 24 to line 95, col 24 of module ByzantineAlpenglow: 35446525
  |line 95, col 33 to line 95, col 36 of module ByzantineAlpenglow: 35446538
  line 95, col 15 to line 95, col 20 of module ByzantineAlpenglow: 10723702
  line 96, col 6 to line 96, col 64 of module ByzantineAlpenglow: 23452128
  |line 96, col 7 to line 96, col 64 of module ByzantineAlpenglow: 17731692
  ||line 96, col 27 to line 96, col 64 of module ByzantineAlpenglow: 147125372
  |||line 96, col 27 to line 96, col 44 of module ByzantineAlpenglow: 147125372
  ||||line 96, col 27 to line 96, col 40 of module ByzantineAlpenglow: 147125372
  ||||line 96, col 44 to line 96, col 44 of module ByzantineAlpenglow: 147125372
  |||line 96, col 49 to line 96, col 64 of module ByzantineAlpenglow: 19882074
  ||||line 96, col 49 to line 96, col 57 of module ByzantineAlpenglow: 19882074
  ||||line 96, col 61 to line 96, col 64 of module ByzantineAlpenglow: 19882074
  ||line 96, col 19 to line 96, col 23 of module ByzantineAlpenglow: 17731695
  line 98, col 9 to line 98, col 82 of module ByzantineAlpenglow: 5720448
  |line 98, col 18 to line 98, col 82 of module ByzantineAlpenglow: 5720449
  ||line 98, col 18 to line 98, col 22 of module ByzantineAlpenglow: 5720450
  ||line 98, col 29 to line 98, col 82 of module ByzantineAlpenglow: 5720453:11464321
  |||line 98, col 30 to line 98, col 81 of module ByzantineAlpenglow: 5720455
  line 99, col 6 to line 99, col 79 of module ByzantineAlpenglow: 5720431
<ByzantineEquivocate line 102, col 1 to line 102, col 28 of module ByzantineAlpenglow>: 929453:5910568
  line 51, col 19 to line 51, col 43 of module ByzantineAlpenglow: 7145899
  |line 51, col 19 to line 51, col 19 of module ByzantineAlpenglow: 3577869
  |line 51, col 25 to line 51, col 43 of module ByzantineAlpenglow: 3577870
  line 103, col 18 to line 103, col 18 of module ByzantineAlpenglow: 3577870
  line 104, col 6 to line 104, col 13 of module ByzantineAlpenglow: 3568033
  |line 104, col 6 to line 104, col 9 of module ByzantineAlpenglow: 3577870
  line 105, col 6 to line 105, col 24 of module ByzantineAlpenglow: 3568033
  |line 105, col 6 to line 105, col 9 of module ByzantineAlpenglow: 3577871
  |line 105, col 14 to line 105, col 24 of module ByzantineAlpenglow: 3577872
  line 106, col 24 to line 106, col 36 of module ByzantineAlpenglow: 17726131
  |line 106, col 24 to line 106, col 29 of module ByzantineAlpenglow: 11815555
  |line 106, col 33 to line 106, col 36 of module ByzantineAlpenglow: 11815555
  line 106, col 15 to line 106, col 20 of module ByzantineAlpenglow: 3574582
  line 109, col 12 to line 109, col 88 of module ByzantineAlpenglow: 5910579
  |line 109, col 21 to line 109, col 88 of module ByzantineAlpenglow: 5910582
  ||line 109, col 21 to line 109, col 25 of module ByzantineAlpenglow: 5910582
  ||line 109, col 32 to line 109, col 88 of module ByzantineAlpenglow: 5910583:11828971
  |||line 109, col 33 to line 109, col 87 of module ByzantineAlpenglow: 5910585
  ||||line 109, col 34 to line 109, col 48 of module ByzantineAlpenglow: 5910571
  ||||line 109, col 51 to line 109, col 63 of module ByzantineAlpenglow: 5910571
  ||||line 109, col 76 to line 109, col 86 of module ByzantineAlpenglow: 5910588
  |||||line 108, col 25 to line 108, col 63 of module ByzantineAlpenglow: 5910588
  ||||||line 108, col 25 to line 108, col 28 of module ByzantineAlpenglow: 5910590
  ||||||line 108, col 33 to line 108, col 62 of module ByzantineAlpenglow: 5910592
  |||||||line 108, col 33 to line 108, col 58 of module ByzantineAlpenglow: 5910593
  ||||||||line 108, col 45 to line 108, col 57 of module ByzantineAlpenglow: 5910594
  |||||||||line 107, col 27 to line 107, col 83 of module ByzantineAlpenglow: 5910594
  ||||||||||line 107, col 45 to line 107, col 82 of module ByzantineAlpenglow: 62169050
  |||||||||||line 107, col 45 to line 107, col 62 of module ByzantineAlpenglow: 62169050
  ||||||||||||line 107, col 45 to line 107, col 58 of module ByzantineAlpenglow: 62169050
  |||||||||||||line 107, col 45 to line 107, col 48 of module ByzantineAlpenglow: 62169062
  ||||||||||||line 107, col 62 to line 107, col 62 of module ByzantineAlpenglow: 62169074
  |||||||||||line 107, col 67 to line 107, col 82 of module ByzantineAlpenglow: 38183870
  ||||||||||line 107, col 37 to line 107, col 41 of module ByzantineAlpenglow: 5910600
  line 110, col 12 to line 110, col 83 of module ByzantineAlpenglow: 5910598
  |line 110, col 30 to line 110, col 83 of module ByzantineAlpenglow: 5910600
  ||line 110, col 30 to line 110, col 43 of module ByzantineAlpenglow: 5910601
  ||line 110, col 50 to line 110, col 83 of module ByzantineAlpenglow: 5910601:11824418
  |||line 110, col 51 to line 110, col 82 of module ByzantineAlpenglow: 5910602
  line 111, col 6 to line 111, col 63 of module ByzantineAlpenglow: 5910571
<CreateNotarCert line 117, col 1 to line 117, col 21 of module ByzantineAlpenglow>: 165574:978189
  line 118, col 6 to line 118, col 13 of module ByzantineAlpenglow: 588299
  |line 118, col 6 to line 118, col 9 of module ByzantineAlpenglow: 3577893
  line 119, col 6 to line 119, col 24 of module ByzantineAlpenglow: 588301
  |line 119, col 6 to line 119, col 9 of module ByzantineAlpenglow: 3577893
  |line 119, col 14 to line 119, col 24 of module ByzantineAlpenglow: 3577893
  line 120, col 24 to line 120, col 36 of module ByzantineAlpenglow: 12793819
  |line 120, col 24 to line 120, col 29 of module ByzantineAlpenglow: 11815627
  |line 120, col 33 to line 120, col 36 of module ByzantineAlpenglow: 11815627
  line 120, col 15 to line 120, col 20 of module ByzantineAlpenglow: 3574606
  line 121, col 6 to line 121, col 63 of module ByzantineAlpenglow: 6888811
  |line 121, col 7 to line 121, col 63 of module ByzantineAlpenglow: 5910617
  ||line 121, col 31 to line 121, col 63 of module ByzantineAlpenglow: 7553663
  |||line 121, col 31 to line 121, col 46 of module ByzantineAlpenglow: 7553672
  |||line 121, col 51 to line 121, col 63 of module ByzantineAlpenglow: 5682490
  ||line 121, col 16 to line 121, col 27 of module ByzantineAlpenglow: 5910623
  line 42, col 20 to line 42, col 53 of module ByzantineAlpenglow: 978195
  |line 42, col 20 to line 42, col 24 of module ByzantineAlpenglow: 2642120
  |line 42, col 30 to line 42, col 52 of module ByzantineAlpenglow: 2642120
  line 124, col 21 to line 124, col 30 of module ByzantineAlpenglow: 2642120
  |line 123, col 24 to line 123, col 53 of module ByzantineAlpenglow: 2642120
  ||line 48, col 31 to line 48, col 97 of module ByzantineAlpenglow: 2642121
  ||line 123, col 37 to line 123, col 52 of module ByzantineAlpenglow: 2642121
  |||line 122, col 30 to line 122, col 108 of module ByzantineAlpenglow: 2642122
  ||||line 122, col 50 to line 122, col 107 of module ByzantineAlpenglow: 10568488
  |||||line 122, col 70 to line 122, col 107 of module ByzantineAlpenglow: 85528183
  ||||||line 122, col 70 to line 122, col 87 of module ByzantineAlpenglow: 85528183
  ||||||line 122, col 92 to line 122, col 107 of module ByzantineAlpenglow: 16385395
  |||||line 122, col 62 to line 122, col 66 of module ByzantineAlpenglow: 10568488
  ||||line 122, col 37 to line 122, col 46 of module ByzantineAlpenglow: 2642122
  line 125, col 12 to line 125, col 102 of module ByzantineAlpenglow: 978197
  |line 125, col 28 to line 125, col 102 of module ByzantineAlpenglow: 978198
  ||line 125, col 28 to line 125, col 39 of module ByzantineAlpenglow: 978198
  ||line 125, col 46 to line 125, col 102 of module ByzantineAlpenglow: 978198:3052840
  |||line 125, col 47 to line 125, col 101 of module ByzantineAlpenglow: 978250
  ||||line 125, col 66 to line 125, col 78 of module ByzantineAlpenglow: 978190
  ||||line 125, col 91 to line 125, col 100 of module ByzantineAlpenglow: 978271
  |||||line 123, col 24 to line 123, col 53 of module ByzantineAlpenglow: 978272
  ||||||line 48, col 31 to line 48, col 97 of module ByzantineAlpenglow: 978272
  ||||||line 123, col 37 to line 123, col 52 of module ByzantineAlpenglow: 978272
  |||||||line 122, col 30 to line 122, col 108 of module ByzantineAlpenglow: 978273
  ||||||||line 122, col 50 to line 122, col 107 of module ByzantineAlpenglow: 3913092
  |||||||||line 122, col 70 to line 122, col 107 of module ByzantineAlpenglow: 29667586
  ||||||||||line 122, col 70 to line 122, col 87 of module ByzantineAlpenglow: 29667586
  ||||||||||line 122, col 92 to line 122, col 107 of module ByzantineAlpenglow: 6112113
  |||||||||line 122, col 62 to line 122, col 66 of module ByzantineAlpenglow: 3913094
  ||||||||line 122, col 37 to line 122, col 46 of module ByzantineAlpenglow: 978274
  line 126, col 6 to line 126, col 72 of module ByzantineAlpenglow: 978189
<CreateFastFinalCert line 129, col 1 to line 129, col 25 of module ByzantineAlpenglow>: 137900:915085
  line 130, col 6 to line 130, col 13 of module ByzantineAlpenglow: 556991
  |line 130, col 6 to line 130, col 9 of module ByzantineAlpenglow: 3578114
  line 131, col 6 to line 131, col 24 of module ByzantineAlpenglow: 556991
  |line 131, col 6 to line 131, col 9 of module ByzantineAlpenglow: 3578114
  |line 131, col 14 to line 131, col 24 of module ByzantineAlpenglow: 3578114
  line 132, col 24 to line 132, col 36 of module ByzantineAlpenglow: 12731375
  |line 132, col 24 to line 132, col 29 of module ByzantineAlpenglow: 11816291
  |line 132, col 33 to line 132, col 36 of module ByzantineAlpenglow: 11816291
  line 132, col 15 to line 132, col 20 of module ByzantineAlpenglow: 3574825
  line 133, col 30 to line 133, col 45 of module ByzantineAlpenglow: 12971530
  |line 133, col 30 to line 133, col 35 of module ByzantineAlpenglow: 12056445
  line 133, col 50 to line 133, col 62 of module ByzantineAlpenglow: 7441069
  |line 133, col 50 to line 133, col 55 of module ByzantineAlpenglow: 6525984
  |line 133, col 59 to line 133, col 62 of module ByzantineAlpenglow: 6525984
  line 133, col 15 to line 133, col 26 of module ByzantineAlpenglow: 5910946
  line 134, col 6 to line 134, col 67 of module ByzantineAlpenglow: 4183802
  |line 134, col 7 to line 134, col 67 of module ByzantineAlpenglow: 3268717
  ||line 134, col 31 to line 134, col 67 of module ByzantineAlpenglow: 8595517
  |||line 134, col 31 to line 134, col 50 of module ByzantineAlpenglow: 8595517
  |||line 134, col 55 to line 134, col 67 of module ByzantineAlpenglow: 1184761
  ||line 134, col 16 to line 134, col 27 of module ByzantineAlpenglow: 3268716
  line 45, col 26 to line 45, col 59 of module ByzantineAlpenglow: 915085
  |line 45, col 26 to line 45, col 30 of module ByzantineAlpenglow: 2423477
  |line 45, col 36 to line 45, col 58 of module ByzantineAlpenglow: 2423477
  line 137, col 27 to line 137, col 36 of module ByzantineAlpenglow: 2423581
  |line 136, col 24 to line 136, col 53 of module ByzantineAlpenglow: 2423586
  ||line 48, col 31 to line 48, col 97 of module ByzantineAlpenglow: 2423587
  |||line 48, col 31 to line 48, col 55 of module ByzantineAlpenglow: 2423588
  |||line 48, col 59 to line 48, col 97 of module ByzantineAlpenglow: 2423588
  ||line 136, col 37 to line 136, col 52 of module ByzantineAlpenglow: 2423589
  |||line 135, col 30 to line 135, col 108 of module ByzantineAlpenglow: 2423589
  ||||line 135, col 50 to line 135, col 107 of module ByzantineAlpenglow: 9694356
  |||||line 135, col 70 to line 135, col 107 of module ByzantineAlpenglow: 65039202
  ||||||line 135, col 70 to line 135, col 87 of module ByzantineAlpenglow: 65039238
  ||||||line 135, col 92 to line 135, col 107 of module ByzantineAlpenglow: 14456564
  |||||||line 135, col 92 to line 135, col 100 of module ByzantineAlpenglow: 14456564
  ||||||||line 135, col 92 to line 135, col 95 of module ByzantineAlpenglow: 14456564
  |||||||line 135, col 104 to line 135, col 107 of module ByzantineAlpenglow: 14456564
  |||||line 135, col 62 to line 135, col 66 of module ByzantineAlpenglow: 9694360
  ||||line 135, col 37 to line 135, col 46 of module ByzantineAlpenglow: 2423590
  line 138, col 12 to line 138, col 106 of module ByzantineAlpenglow: 915089
  |line 138, col 28 to line 138, col 106 of module ByzantineAlpenglow: 915089
  ||line 138, col 28 to line 138, col 39 of module ByzantineAlpenglow: 915089
  ||line 138, col 46 to line 138, col 106 of module ByzantineAlpenglow: 915089:1830178
  |||line 138, col 47 to line 138, col 105 of module ByzantineAlpenglow: 915089
  ||||line 138, col 70 to line 138, col 82 of module ByzantineAlpenglow: 915085
  ||||line 138, col 95 to line 138, col 104 of module ByzantineAlpenglow: 915089
  |||||line 136, col 24 to line 136, col 53 of module ByzantineAlpenglow: 915089
  ||||||line 48, col 31 to line 48, col 97 of module ByzantineAlpenglow: 915089
  ||||||line 136, col 37 to line 136, col 52 of module ByzantineAlpenglow: 915089
  |||||||line 135, col 30 to line 135, col 108 of module ByzantineAlpenglow: 915089
  ||||||||line 135, col 50 to line 135, col 107 of module ByzantineAlpenglow: 3660356
  |||||||||line 135, col 70 to line 135, col 107 of module ByzantineAlpenglow: 22965940
  ||||||||||line 135, col 70 to line 135, col 87 of module ByzantineAlpenglow: 22965940
  ||||||||||line 135, col 92 to line 135, col 107 of module ByzantineAlpenglow: 5632168
  |||||||||line 135, col 62 to line 135, col 66 of module ByzantineAlpenglow: 3660356
  ||||||||line 135, col 37 to line 135, col 46 of module ByzantineAlpenglow: 915089
  line 139, col 6 to line 139, col 72 of module ByzantineAlpenglow: 915085
<CreateFinalCert line 142, col 1 to line 142, col 21 of module ByzantineAlpenglow>: 403920:1343147
  line 143, col 6 to line 143, col 13 of module ByzantineAlpenglow: 813520
  |line 143, col 6 to line 143, col 9 of module ByzantineAlpenglow: 3578240
  line 144, col 6 to line 144, col 24 of module ByzantineAlpenglow: 813520
  |line 144, col 6 to line 144, col 9 of module ByzantineAlpenglow: 3578240
  |line 144, col 14 to line 144, col 24 of module ByzantineAlpenglow: 3578240
  line 145, col 24 to line 145, col 36 of module ByzantineAlpenglow: 13159804
  |line 145, col 24 to line 145, col 29 of module ByzantineAlpenglow: 11816663
  |line 145, col 33 to line 145, col 36 of module ByzantineAlpenglow: 11816663
  line 145, col 15 to line 145, col 20 of module ByzantineAlpenglow: 3574952
  line 146, col 30 to line 146, col 45 of module ByzantineAlpenglow: 13399976
  |line 146, col 30 to line 146, col 35 of module ByzantineAlpenglow: 12056827
  line 146, col 50 to line 146, col 62 of module ByzantineAlpenglow: 7869382
  |line 146, col 50 to line 146, col 55 of module ByzantineAlpenglow: 6526236
  |line 146, col 59 to line 146, col 62 of module ByzantineAlpenglow: 6526236
  line 146, col 15 to line 146, col 26 of module ByzantineAlpenglow: 5911149
  line 147, col 6 to line 147, col 63 of module ByzantineAlpenglow: 4611999
  |line 147, col 7 to line 147, col 63 of module ByzantineAlpenglow: 3268847
  ||line 147, col 31 to line 147, col 63 of module ByzantineAlpenglow: 7998381
  |||line 147, col 31 to line 147, col 46 of module ByzantineAlpenglow: 7998381
  |||line 147, col 51 to line 147, col 63 of module ByzantineAlpenglow: 2593191
  ||line 147, col 16 to line 147, col 27 of module ByzantineAlpenglow: 3268847
  line 42, col 20 to line 42, col 53 of module ByzantineAlpenglow: 1343153
  |line 42, col 20 to line 42, col 24 of module ByzantineAlpenglow: 1343159
  |line 42, col 30 to line 42, col 52 of module ByzantineAlpenglow: 1343159
  line 150, col 21 to line 150, col 30 of module ByzantineAlpenglow: 1343160
  |line 149, col 24 to line 149, col 53 of module ByzantineAlpenglow: 1343161
  ||line 48, col 31 to line 48, col 97 of module ByzantineAlpenglow: 1343161
  |||line 48, col 31 to line 48, col 55 of module ByzantineAlpenglow: 1343161
  |||line 48, col 59 to line 48, col 97 of module ByzantineAlpenglow: 1343161
  ||line 149, col 37 to line 149, col 52 of module ByzantineAlpenglow: 1343161
  |||line 148, col 30 to line 148, col 108 of module ByzantineAlpenglow: 1343161
  ||||line 148, col 50 to line 148, col 107 of module ByzantineAlpenglow: 5372644
  |||||line 148, col 70 to line 148, col 107 of module ByzantineAlpenglow: 36469198
  ||||||line 148, col 70 to line 148, col 87 of module ByzantineAlpenglow: 36469220
  ||||||line 148, col 92 to line 148, col 107 of module ByzantineAlpenglow: 8189489
  |||||line 148, col 62 to line 148, col 66 of module ByzantineAlpenglow: 5372648
  ||||line 148, col 37 to line 148, col 46 of module ByzantineAlpenglow: 1343163
  line 151, col 12 to line 151, col 102 of module ByzantineAlpenglow: 1343160
  |line 151, col 28 to line 151, col 102 of module ByzantineAlpenglow: 1343164
  ||line 151, col 28 to line 151, col 39 of module ByzantineAlpenglow: 1343165
  ||line 151, col 46 to line 151, col 102 of module ByzantineAlpenglow: 1343165:2686330
  |||line 151, col 47 to line 151, col 101 of module ByzantineAlpenglow: 1343165
  ||||line 151, col 66 to line 151, col 78 of module ByzantineAlpenglow: 1343150
  ||||line 151, col 91 to line 151, col 100 of module ByzantineAlpenglow: 1343166
  |||||line 149, col 24 to line 149, col 53 of module ByzantineAlpenglow: 1343168
  ||||||line 48, col 31 to line 48, col 97 of module ByzantineAlpenglow: 1343168
  ||||||line 149, col 37 to line 149, col 52 of module ByzantineAlpenglow: 1343169
  |||||||line 148, col 30 to line 148, col 108 of module ByzantineAlpenglow: 1343169
  ||||||||line 148, col 50 to line 148, col 107 of module ByzantineAlpenglow: 5372676
  |||||||||line 148, col 70 to line 148, col 107 of module ByzantineAlpenglow: 36469529
  ||||||||||line 148, col 70 to line 148, col 87 of module ByzantineAlpenglow: 36469529
  ||||||||||line 148, col 92 to line 148, col 107 of module ByzantineAlpenglow: 8189552
  |||||||||line 148, col 62 to line 148, col 66 of module ByzantineAlpenglow: 5372676
  ||||||||line 148, col 37 to line 148, col 46 of module ByzantineAlpenglow: 1343169
  line 152, col 6 to line 152, col 72 of module ByzantineAlpenglow: 1343146
<FinalizeFast line 155, col 1 to line 155, col 18 of module ByzantineAlpenglow>: 214905:299843
  line 156, col 6 to line 156, col 13 of module ByzantineAlpenglow: 299843
  |line 156, col 6 to line 156, col 9 of module ByzantineAlpenglow: 3578278
  line 157, col 30 to line 157, col 49 of module ByzantineAlpenglow: 7653067
  |line 157, col 30 to line 157, col 35 of module ByzantineAlpenglow: 7353224
  line 157, col 54 to line 157, col 66 of module ByzantineAlpenglow: 1334271
  |line 157, col 54 to line 157, col 59 of module ByzantineAlpenglow: 1034428
  |line 157, col 63 to line 157, col 66 of module ByzantineAlpenglow: 1034428
  line 157, col 15 to line 157, col 26 of module ByzantineAlpenglow: 3578286
  line 158, col 6 to line 158, col 26 of module ByzantineAlpenglow: 817057
  |line 158, col 6 to line 158, col 9 of module ByzantineAlpenglow: 517214
  |line 158, col 18 to line 158, col 26 of module ByzantineAlpenglow: 517214
  line 159, col 6 to line 159, col 39 of module ByzantineAlpenglow: 299843
  |line 159, col 19 to line 159, col 39 of module ByzantineAlpenglow: 299843
  ||line 159, col 19 to line 159, col 27 of module ByzantineAlpenglow: 299843
  ||line 159, col 34 to line 159, col 39 of module ByzantineAlpenglow: 299843:3803736
  |||line 159, col 35 to line 159, col 38 of module ByzantineAlpenglow: 299843
  line 160, col 6 to line 160, col 75 of module ByzantineAlpenglow: 299843
<FinalizeSlow line 163, col 1 to line 163, col 18 of module ByzantineAlpenglow>: 362177:671584
  line 164, col 6 to line 164, col 13 of module ByzantineAlpenglow: 671580
  |line 164, col 6 to line 164, col 9 of module ByzantineAlpenglow: 3578298
  line 165, col 30 to line 165, col 45 of module ByzantineAlpenglow: 8024834
  |line 165, col 30 to line 165, col 35 of module ByzantineAlpenglow: 7353254
  line 165, col 50 to line 165, col 62 of module ByzantineAlpenglow: 4644530
  |line 165, col 50 to line 165, col 55 of module ByzantineAlpenglow: 3972950
  |line 165, col 59 to line 165, col 62 of module ByzantineAlpenglow: 3972950
  line 165, col 15 to line 165, col 26 of module ByzantineAlpenglow: 3578298
  line 166, col 30 to line 166, col 45 of module ByzantineAlpenglow: 6172145
  |line 166, col 30 to line 166, col 35 of module ByzantineAlpenglow: 5500564
  line 166, col 50 to line 166, col 62 of module ByzantineAlpenglow: 2421119
  |line 166, col 50 to line 166, col 55 of module ByzantineAlpenglow: 1749538
  |line 166, col 59 to line 166, col 62 of module ByzantineAlpenglow: 1749538
  line 166, col 15 to line 166, col 26 of module ByzantineAlpenglow: 1986477
  line 167, col 6 to line 167, col 26 of module ByzantineAlpenglow: 1844529
  |line 167, col 6 to line 167, col 9 of module ByzantineAlpenglow: 1172945
  |line 167, col 18 to line 167, col 26 of module ByzantineAlpenglow: 1172947
  line 168, col 6 to line 168, col 39 of module ByzantineAlpenglow: 671585
  |line 168, col 19 to line 168, col 39 of module ByzantineAlpenglow: 671587
  ||line 168, col 19 to line 168, col 27 of module ByzantineAlpenglow: 671588
  ||line 168, col 34 to line 168, col 39 of module ByzantineAlpenglow: 671588:5923016
  |||line 168, col 35 to line 168, col 38 of module ByzantineAlpenglow: 671588
  line 169, col 6 to line 169, col 75 of module ByzantineAlpenglow: 671580
<TypeOK line 190, col 1 to line 190, col 6 of module ByzantineAlpenglow>
  line 191, col 3 to line 196, col 80 of module ByzantineAlpenglow: 2235284
  |line 191, col 6 to line 191, col 31 of module ByzantineAlpenglow: 2235284
  |line 192, col 6 to line 192, col 62 of module ByzantineAlpenglow: 2235284
  |line 193, col 6 to line 193, col 74 of module ByzantineAlpenglow: 2235285
  |line 194, col 6 to line 194, col 97 of module ByzantineAlpenglow: 2235285
  |line 195, col 6 to line 195, col 35 of module ByzantineAlpenglow: 2235285
  |line 196, col 6 to line 196, col 80 of module ByzantineAlpenglow: 2235285
<NoConflictingFinalizations line 199, col 1 to line 199, col 26 of module ByzantineAlpenglow>
  line 200, col 3 to line 200, col 46 of module ByzantineAlpenglow: 2235286
  |line 200, col 29 to line 200, col 46 of module ByzantineAlpenglow: 928335
  ||line 200, col 29 to line 200, col 35 of module ByzantineAlpenglow: 928335
  ||line 200, col 40 to line 200, col 46 of module ByzantineAlpenglow: 114574
  |line 200, col 17 to line 200, col 25 of module ByzantineAlpenglow: 2235286
<FastFinalImpliesNotar line 203, col 1 to line 203, col 21 of module ByzantineAlpenglow>
  line 204, col 3 to line 206, col 68 of module ByzantineAlpenglow: 2235286
  |line 205, col 5 to line 206, col 68 of module ByzantineAlpenglow: 4822491
  ||line 205, col 6 to line 205, col 25 of module ByzantineAlpenglow: 4822491
  ||line 206, col 7 to line 206, col 68 of module ByzantineAlpenglow: 699168
  |||line 206, col 32 to line 206, col 68 of module ByzantineAlpenglow: 1033717
  ||||line 206, col 32 to line 206, col 48 of module ByzantineAlpenglow: 1033717
  ||||line 206, col 53 to line 206, col 68 of module ByzantineAlpenglow: 910665
  |||line 206, col 17 to line 206, col 28 of module ByzantineAlpenglow: 699168
  |line 204, col 12 to line 204, col 23 of module ByzantineAlpenglow: 2235286
<FinalRequiresNotar line 209, col 1 to line 209, col 18 of module ByzantineAlpenglow>
  line 210, col 3 to line 211, col 58 of module ByzantineAlpenglow: 2235289
  |line 211, col 5 to line 211, col 58 of module ByzantineAlpenglow: 813762
  ||line 211, col 29 to line 211, col 58 of module ByzantineAlpenglow: 1139949
  |||line 211, col 29 to line 211, col 44 of module ByzantineAlpenglow: 1139949
  |||line 211, col 49 to line 211, col 58 of module ByzantineAlpenglow: 1025426
  ||line 211, col 14 to line 211, col 25 of module ByzantineAlpenglow: 813762
  |line 210, col 12 to line 210, col 20 of module ByzantineAlpenglow: 2235290
<ConsistentCertificates line 216, col 1 to line 216, col 22 of module ByzantineAlpenglow>
  line 217, col 3 to line 220, col 29 of module ByzantineAlpenglow: 2235290
  |line 219, col 24 to line 219, col 53 of module ByzantineAlpenglow: 4822501
  |line 218, col 29 to line 218, col 109 of module ByzantineAlpenglow: 4822503
  ||line 218, col 49 to line 218, col 108 of module ByzantineAlpenglow: 19290015
  |||line 218, col 69 to line 218, col 108 of module ByzantineAlpenglow: 132121277
  ||||line 218, col 69 to line 218, col 86 of module ByzantineAlpenglow: 132121325
  ||||line 218, col 91 to line 218, col 108 of module ByzantineAlpenglow: 30024635
  |||line 218, col 61 to line 218, col 65 of module ByzantineAlpenglow: 19290024
  ||line 218, col 36 to line 218, col 45 of module ByzantineAlpenglow: 4822506
  |line 220, col 8 to line 220, col 29 of module ByzantineAlpenglow: 4822506
  |line 217, col 12 to line 217, col 23 of module ByzantineAlpenglow: 2235295
<CertificateUniqueness line 223, col 1 to line 223, col 21 of module ByzantineAlpenglow>
  line 224, col 3 to line 225, col 55 of module ByzantineAlpenglow: 2235295
  |line 225, col 5 to line 225, col 55 of module ByzantineAlpenglow: 14714750
  ||line 225, col 6 to line 225, col 43 of module ByzantineAlpenglow: 14714750
  |||line 225, col 6 to line 225, col 22 of module ByzantineAlpenglow: 14714754
  |||line 225, col 27 to line 225, col 43 of module ByzantineAlpenglow: 6766272
  ||line 225, col 49 to line 225, col 55 of module ByzantineAlpenglow: 4822510
  |line 224, col 17 to line 224, col 28 of module ByzantineAlpenglow: 2235296
<StakeThresholdCorrectness line 228, col 1 to line 228, col 25 of module ByzantineAlpenglow>
  line 229, col 3 to line 232, col 46 of module ByzantineAlpenglow: 2235296
  |line 230, col 5 to line 232, col 46 of module ByzantineAlpenglow: 4822510
  ||line 230, col 9 to line 230, col 45 of module ByzantineAlpenglow: 4822510
  |||line 230, col 9 to line 230, col 24 of module ByzantineAlpenglow: 4822510
  |||line 230, col 29 to line 230, col 45 of module ByzantineAlpenglow: 2579205
  ||line 231, col 9 to line 231, col 55 of module ByzantineAlpenglow: 2243308
  |||line 231, col 9 to line 231, col 28 of module ByzantineAlpenglow: 2243309
  |||line 231, col 33 to line 231, col 55 of module ByzantineAlpenglow: 699172
  ||line 232, col 9 to line 232, col 45 of module ByzantineAlpenglow: 1544137
  |line 229, col 12 to line 229, col 23 of module ByzantineAlpenglow: 2235299
<ChainConsistency line 235, col 1 to line 235, col 16 of module ByzantineAlpenglow>
  line 236, col 3 to line 237, col 53 of module ByzantineAlpenglow: 2235299
  |line 237, col 5 to line 237, col 53 of module ByzantineAlpenglow: 928338
  ||line 237, col 6 to line 237, col 12 of module ByzantineAlpenglow: 928338
  ||line 237, col 18 to line 237, col 53 of module ByzantineAlpenglow: 57287
  |line 236, col 17 to line 236, col 25 of module ByzantineAlpenglow: 2235300
<HonestNoEquivocation line 240, col 1 to line 240, col 20 of module ByzantineAlpenglow>
  line 241, col 3 to line 244, col 33 of module ByzantineAlpenglow: 2235304
  |line 242, col 5 to line 244, col 33 of module ByzantineAlpenglow: 6705908
  ||line 243, col 7 to line 244, col 33 of module ByzantineAlpenglow: 895555319
  |||line 243, col 8 to line 243, col 76 of module ByzantineAlpenglow: 895555327
  ||||line 243, col 8 to line 243, col 49 of module ByzantineAlpenglow: 895555382
  |||||line 243, col 8 to line 243, col 26 of module ByzantineAlpenglow: 895555450
  ||||||line 243, col 8 to line 243, col 22 of module ByzantineAlpenglow: 895555497
  |||||||line 243, col 8 to line 243, col 12 of module ByzantineAlpenglow: 895555541
  ||||||line 243, col 26 to line 243, col 26 of module ByzantineAlpenglow: 895555585
  |||||line 243, col 31 to line 243, col 49 of module ByzantineAlpenglow: 103408316
  ||||line 243, col 54 to line 243, col 76 of module ByzantineAlpenglow: 15545141
  |||||line 243, col 54 to line 243, col 63 of module ByzantineAlpenglow: 15545141
  ||||||line 243, col 54 to line 243, col 58 of module ByzantineAlpenglow: 15545142
  |||||line 243, col 67 to line 243, col 76 of module ByzantineAlpenglow: 15545145
  |||line 244, col 9 to line 244, col 33 of module ByzantineAlpenglow: 9251834
  ||line 242, col 25 to line 242, col 29 of module ByzantineAlpenglow: 6705913
  |line 241, col 12 to line 241, col 27 of module ByzantineAlpenglow: 2235306
<FastPathRequiresStrongQuorum line 247, col 1 to line 247, col 28 of module ByzantineAlpenglow>
  line 248, col 3 to line 249, col 51 of module ByzantineAlpenglow: 2235302
  |line 249, col 5 to line 249, col 51 of module ByzantineAlpenglow: 4822529
  ||line 249, col 5 to line 249, col 24 of module ByzantineAlpenglow: 4822529
  ||line 249, col 29 to line 249, col 51 of module ByzantineAlpenglow: 699172
  |line 248, col 12 to line 248, col 23 of module ByzantineAlpenglow: 2235302
<FinalizedHaveValidCerts line 252, col 1 to line 252, col 23 of module ByzantineAlpenglow>
  line 253, col 3 to line 256, col 66 of module ByzantineAlpenglow: 2235302
  |line 254, col 5 to line 256, col 66 of module ByzantineAlpenglow: 813768
  ||line 254, col 8 to line 254, col 65 of module ByzantineAlpenglow: 813768
  |||line 254, col 32 to line 254, col 65 of module ByzantineAlpenglow: 2380713
  ||||line 254, col 32 to line 254, col 51 of module ByzantineAlpenglow: 2380713
  ||||line 254, col 56 to line 254, col 65 of module ByzantineAlpenglow: 379935
  |||line 254, col 17 to line 254, col 28 of module ByzantineAlpenglow: 813768
  ||line 255, col 8 to line 256, col 66 of module ByzantineAlpenglow: 513921
  |||line 255, col 9 to line 255, col 65 of module ByzantineAlpenglow: 513923
  ||||line 255, col 34 to line 255, col 65 of module ByzantineAlpenglow: 703205
  |||||line 255, col 34 to line 255, col 50 of module ByzantineAlpenglow: 703205
  |||||line 255, col 55 to line 255, col 65 of module ByzantineAlpenglow: 638448
  ||||line 255, col 19 to line 255, col 30 of module ByzantineAlpenglow: 513924
  |||line 256, col 9 to line 256, col 65 of module ByzantineAlpenglow: 513924
  ||||line 256, col 34 to line 256, col 65 of module ByzantineAlpenglow: 1248958
  |||||line 256, col 34 to line 256, col 50 of module ByzantineAlpenglow: 1248958
  |||||line 256, col 55 to line 256, col 65 of module ByzantineAlpenglow: 584709
  ||||line 256, col 19 to line 256, col 30 of module ByzantineAlpenglow: 513924
  |line 253, col 12 to line 253, col 20 of module ByzantineAlpenglow: 2235305
<BlocksExistBeforeVoting line 259, col 1 to line 259, col 23 of module ByzantineAlpenglow>
  line 260, col 3 to line 261, col 40 of module ByzantineAlpenglow: 2235306
  |line 261, col 5 to line 261, col 40 of module ByzantineAlpenglow: 25037199
  ||line 261, col 23 to line 261, col 40 of module ByzantineAlpenglow: 46170880
  ||line 261, col 14 to line 261, col 19 of module ByzantineAlpenglow: 25037206
  |line 260, col 15 to line 260, col 19 of module ByzantineAlpenglow: 2235307
<CertificatesRequireVotes line 264, col 1 to line 264, col 24 of module ByzantineAlpenglow>
  line 265, col 3 to line 266, col 64 of module ByzantineAlpenglow: 2235307
  |line 266, col 5 to line 266, col 64 of module ByzantineAlpenglow: 4822544
  ||line 266, col 27 to line 266, col 64 of module ByzantineAlpenglow: 4822544
  |||line 266, col 47 to line 266, col 64 of module ByzantineAlpenglow: 16550156
  |||line 266, col 39 to line 266, col 43 of module ByzantineAlpenglow: 4822544
  ||line 266, col 14 to line 266, col 23 of module ByzantineAlpenglow: 4822544
  |line 265, col 12 to line 265, col 23 of module ByzantineAlpenglow: 2235307
<EquivocationsOnlyByzantine line 280, col 1 to line 280, col 26 of module ByzantineAlpenglow>
  line 281, col 3 to line 281, col 65 of module ByzantineAlpenglow: 2235307
  |line 281, col 30 to line 281, col 65 of module ByzantineAlpenglow: 4085145
  |line 281, col 13 to line 281, col 26 of module ByzantineAlpenglow: 2235309
<SafetyDespiteEquivocation line 284, col 1 to line 284, col 25 of module ByzantineAlpenglow>
  line 285, col 3 to line 289, col 26 of module ByzantineAlpenglow: 2235309
  |line 286, col 5 to line 289, col 26 of module ByzantineAlpenglow: 813772
  ||line 287, col 7 to line 289, col 26 of module ByzantineAlpenglow: 1139964
  |||line 287, col 11 to line 287, col 70 of module ByzantineAlpenglow: 1139964
  ||||line 287, col 11 to line 287, col 50 of module ByzantineAlpenglow: 1139964
  |||||line 287, col 11 to line 287, col 26 of module ByzantineAlpenglow: 1139964
  |||||line 287, col 31 to line 287, col 50 of module ByzantineAlpenglow: 114525
  ||||line 287, col 55 to line 287, col 70 of module ByzantineAlpenglow: 104090
  |||line 288, col 10 to line 288, col 19 of module ByzantineAlpenglow: 1139964
  |||line 289, col 10 to line 289, col 26 of module ByzantineAlpenglow: 813772
  ||line 286, col 14 to line 286, col 25 of module ByzantineAlpenglow: 813772
  |line 285, col 12 to line 285, col 20 of module ByzantineAlpenglow: 2235310
End of statistics.
