TLC2 Version 2.20 of Day Month 20?? (rev: 5c7ac66)
Running breadth-first search Model-Checking with fp 93 and seed 9108751035242790471 with 12 workers on 12 cores with 3641MB heap and 64MB offheap memory [pid: 11516] (Windows 11 10.0 amd64, Oracle Corporation 20.0.1 x86_64, MSBDiskFPSet, DiskStateQueue).
Parsing file C:\Users\sonis\git\alpenglow\formal-verification\LivenessAlpenglow.tla
Parsing file C:\Users\sonis\AppData\Local\Temp\tlc-18304720421471985135\Naturals.tla (jar:file:/C:/Users/sonis/git/alpenglow/formal-verification/tla2tools.jar!/tla2sany/StandardModules/Naturals.tla)
Parsing file C:\Users\sonis\AppData\Local\Temp\tlc-18304720421471985135\FiniteSets.tla (jar:file:/C:/Users/sonis/git/alpenglow/formal-verification/tla2tools.jar!/tla2sany/StandardModules/FiniteSets.tla)
Parsing file C:\Users\sonis\AppData\Local\Temp\tlc-18304720421471985135\TLC.tla (jar:file:/C:/Users/sonis/git/alpenglow/formal-verification/tla2tools.jar!/tla2sany/StandardModules/TLC.tla)
Parsing file C:\Users\sonis\AppData\Local\Temp\tlc-18304720421471985135\_TLCTrace.tla (jar:file:/C:/Users/sonis/git/alpenglow/formal-verification/tla2tools.jar!/tla2sany/StandardModules/_TLCTrace.tla)
Parsing file C:\Users\sonis\AppData\Local\Temp\tlc-18304720421471985135\Sequences.tla (jar:file:/C:/Users/sonis/git/alpenglow/formal-verification/tla2tools.jar!/tla2sany/StandardModules/Sequences.tla)
Parsing file C:\Users\sonis\AppData\Local\Temp\tlc-18304720421471985135\TLCExt.tla (jar:file:/C:/Users/sonis/git/alpenglow/formal-verification/tla2tools.jar!/tla2sany/StandardModules/TLCExt.tla)
Parsing file C:\Users\sonis\AppData\Local\Temp\tlc-18304720421471985135\Integers.tla (jar:file:/C:/Users/sonis/git/alpenglow/formal-verification/tla2tools.jar!/tla2sany/StandardModules/Integers.tla)
Semantic processing of module Naturals
Semantic processing of module Sequences
Semantic processing of module FiniteSets
Semantic processing of module TLC
Semantic processing of module Integers
Semantic processing of module TLCExt
Semantic processing of module _TLCTrace
Semantic processing of module LivenessAlpenglow
Linting of module TLCExt
Linting of module _TLCTrace
Linting of module LivenessAlpenglow
Starting... (2025-10-15 21:43:05)
Implied-temporal checking--satisfiability problem has 2 branches.
Computing initial states...
Finished computing initial states: 1 distinct state generated at 2025-10-15 21:43:06.
Checking 2 branches of temporal properties for the current state space with 11853 total distinct states at (2025-10-15 21:43:09)
Finished checking temporal properties in 00s at 2025-10-15 21:43:09
Progress(11) at 2025-10-15 21:43:09: 38,672 states generated (38,672 s/min), 8,330 distinct states found (8,330 ds/min), 4,803 states left on queue.
Checking 2 branches of temporal properties for the current state space with 342202 total distinct states at (2025-10-15 21:44:09)
Finished checking temporal properties in 11s at 2025-10-15 21:44:21
Progress(17) at 2025-10-15 21:44:21: 1,637,179 states generated (1,598,507 s/min), 205,725 distinct states found (197,395 ds/min), 50,543 states left on queue.
The coverage statistics at 2025-10-15 21:44:21 (see https://explain.tlapl.us/module-coverage-statistics for how to interpret the following statistics).
<currentSlot line 29, col 3 to line 29, col 13 of module LivenessAlpenglow>: 2
<finalized line 33, col 3 to line 33, col 11 of module LivenessAlpenglow>: 4
<blocks line 30, col 3 to line 30, col 8 of module LivenessAlpenglow>: 235
<certificates line 32, col 3 to line 32, col 14 of module LivenessAlpenglow>: 90
<votes line 31, col 3 to line 31, col 7 of module LivenessAlpenglow>: 255
<Init line 52, col 1 to line 52, col 4 of module LivenessAlpenglow>: 1:1
  line 54, col 6 to line 54, col 16 of module LivenessAlpenglow: 1:242
  line 55, col 6 to line 55, col 15 of module LivenessAlpenglow: 1:171201
  line 56, col 6 to line 56, col 22 of module LivenessAlpenglow: 1:1883375
  line 57, col 6 to line 57, col 19 of module LivenessAlpenglow: 1
  |line 57, col 18 to line 57, col 19 of module LivenessAlpenglow: 1:51974
<AdvanceSlot line 62, col 1 to line 62, col 11 of module LivenessAlpenglow>: 18:693
  line 63, col 6 to line 63, col 26 of module LivenessAlpenglow: 693
  |line 63, col 6 to line 63, col 16 of module LivenessAlpenglow: 155233
  |line 63, col 20 to line 63, col 26 of module LivenessAlpenglow: 155233
  line 64, col 6 to line 64, col 35 of module LivenessAlpenglow: 693
  line 65, col 6 to line 65, col 57 of module LivenessAlpenglow: 693
<ProduceBlock line 67, col 1 to line 67, col 15 of module LivenessAlpenglow>: 304:326965
  line 68, col 6 to line 68, col 20 of module LivenessAlpenglow: 326968
  |line 68, col 6 to line 68, col 16 of module LivenessAlpenglow: 620952
  line 69, col 6 to line 69, col 62 of module LivenessAlpenglow: 947928
  |line 69, col 7 to line 69, col 62 of module LivenessAlpenglow: 620952
  ||line 69, col 25 to line 69, col 62 of module LivenessAlpenglow: 2210082
  |||line 69, col 25 to line 69, col 44 of module LivenessAlpenglow: 2210082
  |||line 69, col 49 to line 69, col 62 of module LivenessAlpenglow: 990602
  ||line 69, col 16 to line 69, col 21 of module LivenessAlpenglow: 620956
  line 70, col 6 to line 70, col 67 of module LivenessAlpenglow: 326983
  |line 70, col 16 to line 70, col 67 of module LivenessAlpenglow: 326983
  ||line 70, col 16 to line 70, col 21 of module LivenessAlpenglow: 326985
  ||line 70, col 28 to line 70, col 67 of module LivenessAlpenglow: 326988:808120
  |||line 70, col 29 to line 70, col 66 of module LivenessAlpenglow: 326989
  line 71, col 6 to line 71, col 62 of module LivenessAlpenglow: 326968
<Vote line 73, col 1 to line 73, col 13 of module LivenessAlpenglow>: 75642:1035794
  line 74, col 6 to line 74, col 13 of module LivenessAlpenglow: 519344
  |line 74, col 6 to line 74, col 9 of module LivenessAlpenglow: 1241968
  line 75, col 6 to line 75, col 24 of module LivenessAlpenglow: 519344
  |line 75, col 6 to line 75, col 9 of module LivenessAlpenglow: 1241968
  |line 75, col 14 to line 75, col 24 of module LivenessAlpenglow: 1241968
  line 76, col 24 to line 76, col 36 of module LivenessAlpenglow: 5820798
  |line 76, col 24 to line 76, col 29 of module LivenessAlpenglow: 4785001
  |line 76, col 33 to line 76, col 36 of module LivenessAlpenglow: 4785001
  line 76, col 15 to line 76, col 20 of module LivenessAlpenglow: 1239195
  line 77, col 6 to line 77, col 64 of module LivenessAlpenglow: 3431257
  |line 77, col 7 to line 77, col 64 of module LivenessAlpenglow: 2395456
  ||line 77, col 27 to line 77, col 64 of module LivenessAlpenglow: 8163421
  |||line 77, col 27 to line 77, col 44 of module LivenessAlpenglow: 8163457
  |||line 77, col 49 to line 77, col 64 of module LivenessAlpenglow: 2352986
  ||line 77, col 19 to line 77, col 23 of module LivenessAlpenglow: 2395528
  line 79, col 9 to line 79, col 82 of module LivenessAlpenglow: 1035812
  |line 79, col 18 to line 79, col 82 of module LivenessAlpenglow: 1035812
  ||line 79, col 18 to line 79, col 22 of module LivenessAlpenglow: 1035812
  ||line 79, col 29 to line 79, col 82 of module LivenessAlpenglow: 1035812:4272572
  |||line 79, col 30 to line 79, col 81 of module LivenessAlpenglow: 1035813
  line 80, col 6 to line 80, col 63 of module LivenessAlpenglow: 1035803
<CreateNotarCert line 82, col 1 to line 82, col 21 of module LivenessAlpenglow>: 36226:92647
  line 83, col 6 to line 83, col 13 of module LivenessAlpenglow: 47210
  |line 83, col 6 to line 83, col 9 of module LivenessAlpenglow: 310514
  line 84, col 6 to line 84, col 24 of module LivenessAlpenglow: 47210
  |line 84, col 6 to line 84, col 9 of module LivenessAlpenglow: 310514
  |line 84, col 14 to line 84, col 24 of module LivenessAlpenglow: 310514
  line 85, col 24 to line 85, col 36 of module LivenessAlpenglow: 1288964
  |line 85, col 24 to line 85, col 29 of module LivenessAlpenglow: 1196315
  |line 85, col 33 to line 85, col 36 of module LivenessAlpenglow: 1196315
  line 85, col 15 to line 85, col 20 of module LivenessAlpenglow: 309823
  line 86, col 6 to line 86, col 63 of module LivenessAlpenglow: 691550
  |line 86, col 7 to line 86, col 63 of module LivenessAlpenglow: 598901
  ||line 86, col 31 to line 86, col 63 of module LivenessAlpenglow: 483650
  |||line 86, col 31 to line 86, col 46 of module LivenessAlpenglow: 483650
  |||line 86, col 51 to line 86, col 63 of module LivenessAlpenglow: 366675
  ||line 86, col 16 to line 86, col 27 of module LivenessAlpenglow: 598906
  line 41, col 20 to line 41, col 53 of module LivenessAlpenglow: 92653
  |line 41, col 20 to line 41, col 24 of module LivenessAlpenglow: 410829
  |line 41, col 30 to line 41, col 52 of module LivenessAlpenglow: 410829
  line 89, col 21 to line 89, col 30 of module LivenessAlpenglow: 410829
  |line 88, col 24 to line 88, col 53 of module LivenessAlpenglow: 410829
  ||line 47, col 31 to line 47, col 97 of module LivenessAlpenglow: 410829
  ||line 88, col 37 to line 88, col 52 of module LivenessAlpenglow: 410829
  |||line 87, col 30 to line 87, col 108 of module LivenessAlpenglow: 410829
  ||||line 87, col 50 to line 87, col 107 of module LivenessAlpenglow: 1643316
  |||||line 87, col 70 to line 87, col 107 of module LivenessAlpenglow: 5716442
  ||||||line 87, col 70 to line 87, col 87 of module LivenessAlpenglow: 5716442
  ||||||line 87, col 92 to line 87, col 107 of module LivenessAlpenglow: 1547575
  |||||line 87, col 62 to line 87, col 66 of module LivenessAlpenglow: 1643316
  ||||line 87, col 37 to line 87, col 46 of module LivenessAlpenglow: 410829
  line 90, col 12 to line 90, col 102 of module LivenessAlpenglow: 92657
  |line 90, col 28 to line 90, col 102 of module LivenessAlpenglow: 92657
  ||line 90, col 28 to line 90, col 39 of module LivenessAlpenglow: 92657
  ||line 90, col 46 to line 90, col 102 of module LivenessAlpenglow: 92657:265514
  |||line 90, col 47 to line 90, col 101 of module LivenessAlpenglow: 92657
  ||||line 90, col 66 to line 90, col 78 of module LivenessAlpenglow: 92647
  ||||line 90, col 91 to line 90, col 100 of module LivenessAlpenglow: 92659
  |||||line 88, col 24 to line 88, col 53 of module LivenessAlpenglow: 92659
  ||||||line 47, col 31 to line 47, col 97 of module LivenessAlpenglow: 92659
  ||||||line 88, col 37 to line 88, col 52 of module LivenessAlpenglow: 92659
  |||||||line 87, col 30 to line 87, col 108 of module LivenessAlpenglow: 92659
  ||||||||line 87, col 50 to line 87, col 107 of module LivenessAlpenglow: 370636
  |||||||||line 87, col 70 to line 87, col 107 of module LivenessAlpenglow: 1338192
  ||||||||||line 87, col 70 to line 87, col 87 of module LivenessAlpenglow: 1338192
  ||||||||||line 87, col 92 to line 87, col 107 of module LivenessAlpenglow: 414827
  |||||||||line 87, col 62 to line 87, col 66 of module LivenessAlpenglow: 370636
  ||||||||line 87, col 37 to line 87, col 46 of module LivenessAlpenglow: 92659
  line 91, col 6 to line 91, col 56 of module LivenessAlpenglow: 92649
<CreateFastFinalCert line 93, col 1 to line 93, col 25 of module LivenessAlpenglow>: 13729:43435
  line 94, col 6 to line 94, col 13 of module LivenessAlpenglow: 24266
  |line 94, col 6 to line 94, col 9 of module LivenessAlpenglow: 310554
  line 95, col 6 to line 95, col 24 of module LivenessAlpenglow: 24266
  |line 95, col 6 to line 95, col 9 of module LivenessAlpenglow: 310554
  |line 95, col 14 to line 95, col 24 of module LivenessAlpenglow: 310554
  line 96, col 24 to line 96, col 36 of module LivenessAlpenglow: 1239869
  |line 96, col 24 to line 96, col 29 of module LivenessAlpenglow: 1196434
  |line 96, col 33 to line 96, col 36 of module LivenessAlpenglow: 1196446
  line 96, col 15 to line 96, col 20 of module LivenessAlpenglow: 309864
  line 97, col 30 to line 97, col 45 of module LivenessAlpenglow: 657746
  |line 97, col 30 to line 97, col 35 of module LivenessAlpenglow: 614313
  line 97, col 50 to line 97, col 62 of module LivenessAlpenglow: 416787
  |line 97, col 50 to line 97, col 55 of module LivenessAlpenglow: 373353
  |line 97, col 59 to line 97, col 62 of module LivenessAlpenglow: 373357
  line 97, col 15 to line 97, col 26 of module LivenessAlpenglow: 598969
  line 98, col 6 to line 98, col 67 of module LivenessAlpenglow: 231561
  |line 98, col 7 to line 98, col 67 of module LivenessAlpenglow: 188124
  ||line 98, col 31 to line 98, col 67 of module LivenessAlpenglow: 319572
  |||line 98, col 31 to line 98, col 50 of module LivenessAlpenglow: 319572
  |||line 98, col 55 to line 98, col 67 of module LivenessAlpenglow: 26980
  ||line 98, col 16 to line 98, col 27 of module LivenessAlpenglow: 188125
  line 44, col 26 to line 44, col 59 of module LivenessAlpenglow: 43437
  |line 44, col 26 to line 44, col 30 of module LivenessAlpenglow: 161441
  |line 44, col 36 to line 44, col 58 of module LivenessAlpenglow: 161441
  line 101, col 27 to line 101, col 36 of module LivenessAlpenglow: 161441
  |line 100, col 24 to line 100, col 53 of module LivenessAlpenglow: 161441
  ||line 47, col 31 to line 47, col 97 of module LivenessAlpenglow: 161441
  ||line 100, col 37 to line 100, col 52 of module LivenessAlpenglow: 161441
  |||line 99, col 30 to line 99, col 108 of module LivenessAlpenglow: 161441
  ||||line 99, col 50 to line 99, col 107 of module LivenessAlpenglow: 645764
  |||||line 99, col 70 to line 99, col 107 of module LivenessAlpenglow: 2121400
  ||||||line 99, col 70 to line 99, col 87 of module LivenessAlpenglow: 2121400
  ||||||line 99, col 92 to line 99, col 107 of module LivenessAlpenglow: 684007
  |||||line 99, col 62 to line 99, col 66 of module LivenessAlpenglow: 645764
  ||||line 99, col 37 to line 99, col 46 of module LivenessAlpenglow: 161441
  line 102, col 12 to line 102, col 106 of module LivenessAlpenglow: 43437
  |line 102, col 28 to line 102, col 106 of module LivenessAlpenglow: 43437
  ||line 102, col 28 to line 102, col 39 of module LivenessAlpenglow: 43437
  ||line 102, col 46 to line 102, col 106 of module LivenessAlpenglow: 43437:86874
  |||line 102, col 47 to line 102, col 105 of module LivenessAlpenglow: 43437
  ||||line 102, col 70 to line 102, col 82 of module LivenessAlpenglow: 43435
  ||||line 102, col 95 to line 102, col 104 of module LivenessAlpenglow: 43438
  |||||line 100, col 24 to line 100, col 53 of module LivenessAlpenglow: 43438
  ||||||line 47, col 31 to line 47, col 97 of module LivenessAlpenglow: 43438
  ||||||line 100, col 37 to line 100, col 52 of module LivenessAlpenglow: 43438
  |||||||line 99, col 30 to line 99, col 108 of module LivenessAlpenglow: 43438
  ||||||||line 99, col 50 to line 99, col 107 of module LivenessAlpenglow: 173752
  |||||||||line 99, col 70 to line 99, col 107 of module LivenessAlpenglow: 554644
  ||||||||||line 99, col 70 to line 99, col 87 of module LivenessAlpenglow: 554644
  ||||||||||line 99, col 92 to line 99, col 107 of module LivenessAlpenglow: 203818
  |||||||||line 99, col 62 to line 99, col 66 of module LivenessAlpenglow: 173756
  ||||||||line 99, col 37 to line 99, col 46 of module LivenessAlpenglow: 43439
  line 103, col 6 to line 103, col 56 of module LivenessAlpenglow: 43435
<CreateFinalCert line 105, col 1 to line 105, col 21 of module LivenessAlpenglow>: 42053:92878
  line 106, col 6 to line 106, col 13 of module LivenessAlpenglow: 49300
  |line 106, col 6 to line 106, col 9 of module LivenessAlpenglow: 310588
  line 107, col 6 to line 107, col 24 of module LivenessAlpenglow: 49301
  |line 107, col 6 to line 107, col 9 of module LivenessAlpenglow: 310588
  |line 107, col 14 to line 107, col 24 of module LivenessAlpenglow: 310588
  line 108, col 24 to line 108, col 36 of module LivenessAlpenglow: 1289418
  |line 108, col 24 to line 108, col 29 of module LivenessAlpenglow: 1196542
  |line 108, col 33 to line 108, col 36 of module LivenessAlpenglow: 1196542
  line 108, col 15 to line 108, col 20 of module LivenessAlpenglow: 309896
  line 109, col 30 to line 109, col 45 of module LivenessAlpenglow: 707300
  |line 109, col 30 to line 109, col 35 of module LivenessAlpenglow: 614417
  line 109, col 50 to line 109, col 62 of module LivenessAlpenglow: 466284
  |line 109, col 50 to line 109, col 55 of module LivenessAlpenglow: 373401
  |line 109, col 59 to line 109, col 62 of module LivenessAlpenglow: 373402
  line 109, col 15 to line 109, col 26 of module LivenessAlpenglow: 599011
  line 110, col 6 to line 110, col 63 of module LivenessAlpenglow: 281031
  |line 110, col 7 to line 110, col 63 of module LivenessAlpenglow: 188146
  ||line 110, col 31 to line 110, col 63 of module LivenessAlpenglow: 321235
  |||line 110, col 31 to line 110, col 46 of module LivenessAlpenglow: 321235
  |||line 110, col 51 to line 110, col 63 of module LivenessAlpenglow: 98283
  ||line 110, col 16 to line 110, col 27 of module LivenessAlpenglow: 188147
  line 41, col 20 to line 41, col 53 of module LivenessAlpenglow: 92889
  line 113, col 21 to line 113, col 30 of module LivenessAlpenglow: 92889
  |line 112, col 24 to line 112, col 53 of module LivenessAlpenglow: 92889
  ||line 47, col 31 to line 47, col 97 of module LivenessAlpenglow: 92889
  ||line 112, col 37 to line 112, col 52 of module LivenessAlpenglow: 92889
  |||line 111, col 30 to line 111, col 108 of module LivenessAlpenglow: 92889
  ||||line 111, col 50 to line 111, col 107 of module LivenessAlpenglow: 371556
  |||||line 111, col 70 to line 111, col 107 of module LivenessAlpenglow: 1248625
  ||||||line 111, col 70 to line 111, col 87 of module LivenessAlpenglow: 1248625
  ||||||line 111, col 92 to line 111, col 107 of module LivenessAlpenglow: 408370
  |||||line 111, col 62 to line 111, col 66 of module LivenessAlpenglow: 371564
  ||||line 111, col 37 to line 111, col 46 of module LivenessAlpenglow: 92891
  line 114, col 12 to line 114, col 102 of module LivenessAlpenglow: 92891
  |line 114, col 28 to line 114, col 102 of module LivenessAlpenglow: 92891
  ||line 114, col 28 to line 114, col 39 of module LivenessAlpenglow: 92891
  ||line 114, col 46 to line 114, col 102 of module LivenessAlpenglow: 92891:185782
  |||line 114, col 47 to line 114, col 101 of module LivenessAlpenglow: 92891
  ||||line 114, col 66 to line 114, col 78 of module LivenessAlpenglow: 92878
  ||||line 114, col 91 to line 114, col 100 of module LivenessAlpenglow: 92891
  |||||line 112, col 24 to line 112, col 53 of module LivenessAlpenglow: 92891
  ||||||line 47, col 31 to line 47, col 97 of module LivenessAlpenglow: 92891
  ||||||line 112, col 37 to line 112, col 52 of module LivenessAlpenglow: 92891
  |||||||line 111, col 30 to line 111, col 108 of module LivenessAlpenglow: 92891
  ||||||||line 111, col 50 to line 111, col 107 of module LivenessAlpenglow: 371564
  |||||||||line 111, col 70 to line 111, col 107 of module LivenessAlpenglow: 1248645
  ||||||||||line 111, col 70 to line 111, col 87 of module LivenessAlpenglow: 1248645
  ||||||||||line 111, col 92 to line 111, col 107 of module LivenessAlpenglow: 408370
  |||||||||||line 111, col 92 to line 111, col 100 of module LivenessAlpenglow: 408370
  |||||||||||line 111, col 104 to line 111, col 107 of module LivenessAlpenglow: 408370
  |||||||||line 111, col 62 to line 111, col 66 of module LivenessAlpenglow: 371564
  ||||||||line 111, col 37 to line 111, col 46 of module LivenessAlpenglow: 92891
  line 115, col 6 to line 115, col 56 of module LivenessAlpenglow: 92879
<FinalizeFast line 117, col 1 to line 117, col 18 of module LivenessAlpenglow>: 10270:10872
  line 118, col 6 to line 118, col 13 of module LivenessAlpenglow: 10872
  |line 118, col 6 to line 118, col 9 of module LivenessAlpenglow: 310608
  line 119, col 30 to line 119, col 49 of module LivenessAlpenglow: 355198
  |line 119, col 30 to line 119, col 35 of module LivenessAlpenglow: 344326
  line 119, col 54 to line 119, col 66 of module LivenessAlpenglow: 42536
  |line 119, col 54 to line 119, col 59 of module LivenessAlpenglow: 31664
  |line 119, col 63 to line 119, col 66 of module LivenessAlpenglow: 31664
  line 119, col 15 to line 119, col 26 of module LivenessAlpenglow: 310608
  line 120, col 6 to line 120, col 26 of module LivenessAlpenglow: 26704
  |line 120, col 6 to line 120, col 9 of module LivenessAlpenglow: 15832
  |line 120, col 18 to line 120, col 26 of module LivenessAlpenglow: 15832
  line 121, col 6 to line 121, col 39 of module LivenessAlpenglow: 10872
  |line 121, col 19 to line 121, col 39 of module LivenessAlpenglow: 10872
  ||line 121, col 19 to line 121, col 27 of module LivenessAlpenglow: 10872
  ||line 121, col 34 to line 121, col 39 of module LivenessAlpenglow: 10872:71890
  |||line 121, col 35 to line 121, col 38 of module LivenessAlpenglow: 10872
  line 122, col 6 to line 122, col 59 of module LivenessAlpenglow: 10872
<FinalizeSlow line 124, col 1 to line 124, col 18 of module LivenessAlpenglow>: 27596:34549
  line 125, col 6 to line 125, col 13 of module LivenessAlpenglow: 34549
  |line 125, col 6 to line 125, col 9 of module LivenessAlpenglow: 310616
  line 126, col 30 to line 126, col 45 of module LivenessAlpenglow: 378897
  |line 126, col 30 to line 126, col 35 of module LivenessAlpenglow: 344346
  line 126, col 50 to line 126, col 62 of module LivenessAlpenglow: 240199
  |line 126, col 50 to line 126, col 55 of module LivenessAlpenglow: 205650
  |line 126, col 59 to line 126, col 62 of module LivenessAlpenglow: 205650
  line 126, col 15 to line 126, col 26 of module LivenessAlpenglow: 310618
  line 127, col 30 to line 127, col 45 of module LivenessAlpenglow: 218083
  |line 127, col 30 to line 127, col 35 of module LivenessAlpenglow: 183532
  line 127, col 50 to line 127, col 62 of module LivenessAlpenglow: 90478
  |line 127, col 50 to line 127, col 55 of module LivenessAlpenglow: 55927
  |line 127, col 59 to line 127, col 62 of module LivenessAlpenglow: 55927
  line 127, col 15 to line 127, col 26 of module LivenessAlpenglow: 102827
  line 128, col 6 to line 128, col 26 of module LivenessAlpenglow: 88069
  |line 128, col 6 to line 128, col 9 of module LivenessAlpenglow: 53517
  |line 128, col 18 to line 128, col 26 of module LivenessAlpenglow: 53517
  line 129, col 6 to line 129, col 39 of module LivenessAlpenglow: 34552
  |line 129, col 19 to line 129, col 39 of module LivenessAlpenglow: 34552
  ||line 129, col 19 to line 129, col 27 of module LivenessAlpenglow: 34552
  ||line 129, col 34 to line 129, col 39 of module LivenessAlpenglow: 34552:193159
  |||line 129, col 35 to line 129, col 38 of module LivenessAlpenglow: 34552
  line 130, col 6 to line 130, col 59 of module LivenessAlpenglow: 34549
<TypeOK line 158, col 1 to line 158, col 6 of module LivenessAlpenglow>
  line 159, col 3 to line 163, col 35 of module LivenessAlpenglow: 205861
<NoConflictingFinalizations line 165, col 1 to line 165, col 26 of module LivenessAlpenglow>
  line 166, col 3 to line 166, col 46 of module LivenessAlpenglow: 205864
  |line 166, col 29 to line 166, col 46 of module LivenessAlpenglow: 40822
  ||line 166, col 29 to line 166, col 35 of module LivenessAlpenglow: 40822
  ||line 166, col 40 to line 166, col 46 of module LivenessAlpenglow: 32
  |line 166, col 17 to line 166, col 25 of module LivenessAlpenglow: 205864
End of statistics.
Checking 2 branches of temporal properties for the current state space with 675192 total distinct states at (2025-10-15 21:45:21)
Finished checking temporal properties in 19s at 2025-10-15 21:45:40
Progress(20) at 2025-10-15 21:45:40: 3,164,389 states generated (1,527,210 s/min), 374,792 distinct states found (169,067 ds/min), 45,234 states left on queue.
Progress(27) at 2025-10-15 21:46:23: 4,171,084 states generated, 478,173 distinct states found, 0 states left on queue.
Checking 2 branches of temporal properties for the complete state space with 956346 total distinct states at (2025-10-15 21:46:23)
Finished checking temporal properties in 19s at 2025-10-15 21:46:42
Model checking completed. No error has been found.
  Estimates of the probability that TLC did not check all reachable states
  because two distinct states had the same fingerprint:
  calculated (optimistic):  val = 9.6E-8
  based on the actual fingerprints:  val = 2.8E-8
The coverage statistics at 2025-10-15 21:46:43 (see https://explain.tlapl.us/module-coverage-statistics for how to interpret the following statistics).
<currentSlot line 29, col 3 to line 29, col 13 of module LivenessAlpenglow>: 2
<finalized line 33, col 3 to line 33, col 11 of module LivenessAlpenglow>: 4
<blocks line 30, col 3 to line 30, col 8 of module LivenessAlpenglow>: 235
<certificates line 32, col 3 to line 32, col 14 of module LivenessAlpenglow>: 125
<votes line 31, col 3 to line 31, col 7 of module LivenessAlpenglow>: 255
<Init line 52, col 1 to line 52, col 4 of module LivenessAlpenglow>: 1:1
  line 54, col 6 to line 54, col 16 of module LivenessAlpenglow: 1:242
  line 55, col 6 to line 55, col 15 of module LivenessAlpenglow: 1:171201
  line 56, col 6 to line 56, col 22 of module LivenessAlpenglow: 1:1883375
  line 57, col 6 to line 57, col 19 of module LivenessAlpenglow: 1
  |line 57, col 18 to line 57, col 19 of module LivenessAlpenglow: 1:51974
<AdvanceSlot line 62, col 1 to line 62, col 11 of module LivenessAlpenglow>: 18:693
  line 63, col 6 to line 63, col 26 of module LivenessAlpenglow: 693
  |line 63, col 6 to line 63, col 16 of module LivenessAlpenglow: 478177
  |line 63, col 20 to line 63, col 26 of module LivenessAlpenglow: 478177
  line 64, col 6 to line 64, col 35 of module LivenessAlpenglow: 693
  line 65, col 6 to line 65, col 57 of module LivenessAlpenglow: 693
<ProduceBlock line 67, col 1 to line 67, col 15 of module LivenessAlpenglow>: 306:894074
  line 68, col 6 to line 68, col 20 of module LivenessAlpenglow: 894074
  |line 68, col 6 to line 68, col 16 of module LivenessAlpenglow: 1912708
  line 69, col 6 to line 69, col 62 of module LivenessAlpenglow: 2806778
  |line 69, col 7 to line 69, col 62 of module LivenessAlpenglow: 1912704
  ||line 69, col 25 to line 69, col 62 of module LivenessAlpenglow: 7379168
  |||line 69, col 25 to line 69, col 44 of module LivenessAlpenglow: 7379168
  |||line 69, col 49 to line 69, col 62 of module LivenessAlpenglow: 3310548
  ||line 69, col 16 to line 69, col 21 of module LivenessAlpenglow: 1912704
  line 70, col 6 to line 70, col 67 of module LivenessAlpenglow: 894074
  |line 70, col 16 to line 70, col 67 of module LivenessAlpenglow: 894074
  ||line 70, col 16 to line 70, col 21 of module LivenessAlpenglow: 894074
  ||line 70, col 28 to line 70, col 67 of module LivenessAlpenglow: 894074:1942292
  |||line 70, col 29 to line 70, col 66 of module LivenessAlpenglow: 894074
  line 71, col 6 to line 71, col 62 of module LivenessAlpenglow: 894074
<Vote line 73, col 1 to line 73, col 13 of module LivenessAlpenglow>: 92945:1947300
  line 74, col 6 to line 74, col 13 of module LivenessAlpenglow: 912800
  |line 74, col 6 to line 74, col 9 of module LivenessAlpenglow: 3825416
  line 75, col 6 to line 75, col 24 of module LivenessAlpenglow: 912800
  |line 75, col 6 to line 75, col 9 of module LivenessAlpenglow: 3825416
  |line 75, col 14 to line 75, col 24 of module LivenessAlpenglow: 3825416
  line 76, col 24 to line 76, col 36 of module LivenessAlpenglow: 18227684
  |line 76, col 24 to line 76, col 29 of module LivenessAlpenglow: 16280384
  |line 76, col 33 to line 76, col 36 of module LivenessAlpenglow: 16280384
  line 76, col 15 to line 76, col 20 of module LivenessAlpenglow: 3822640
  line 77, col 6 to line 77, col 64 of module LivenessAlpenglow: 10090440
  |line 77, col 7 to line 77, col 64 of module LivenessAlpenglow: 8143140
  ||line 77, col 27 to line 77, col 64 of module LivenessAlpenglow: 32669952
  |||line 77, col 27 to line 77, col 44 of module LivenessAlpenglow: 32669952
  |||line 77, col 49 to line 77, col 64 of module LivenessAlpenglow: 10026240
  ||line 77, col 19 to line 77, col 23 of module LivenessAlpenglow: 8143140
  line 79, col 9 to line 79, col 82 of module LivenessAlpenglow: 1947300
  |line 79, col 18 to line 79, col 82 of module LivenessAlpenglow: 1947300
  ||line 79, col 18 to line 79, col 22 of module LivenessAlpenglow: 1947300
  ||line 79, col 29 to line 79, col 82 of module LivenessAlpenglow: 1947300:6095548
  |||line 79, col 30 to line 79, col 81 of module LivenessAlpenglow: 1947300
  line 80, col 6 to line 80, col 63 of module LivenessAlpenglow: 1947300
<CreateNotarCert line 82, col 1 to line 82, col 21 of module LivenessAlpenglow>: 46274:221280
  line 83, col 6 to line 83, col 13 of module LivenessAlpenglow: 103725
  |line 83, col 6 to line 83, col 9 of module LivenessAlpenglow: 956354
  line 84, col 6 to line 84, col 24 of module LivenessAlpenglow: 103725
  |line 84, col 6 to line 84, col 9 of module LivenessAlpenglow: 956354
  |line 84, col 14 to line 84, col 24 of module LivenessAlpenglow: 956354
  line 85, col 24 to line 85, col 36 of module LivenessAlpenglow: 4291376
  |line 85, col 24 to line 85, col 29 of module LivenessAlpenglow: 4070096
  |line 85, col 33 to line 85, col 36 of module LivenessAlpenglow: 4070096
  line 85, col 15 to line 85, col 20 of module LivenessAlpenglow: 955660
  line 86, col 6 to line 86, col 63 of module LivenessAlpenglow: 2257065
  |line 86, col 7 to line 86, col 63 of module LivenessAlpenglow: 2035785
  ||line 86, col 31 to line 86, col 63 of module LivenessAlpenglow: 2954880
  |||line 86, col 31 to line 86, col 46 of module LivenessAlpenglow: 2954880
  |||line 86, col 51 to line 86, col 63 of module LivenessAlpenglow: 2220480
  ||line 86, col 16 to line 86, col 27 of module LivenessAlpenglow: 2035785
  line 41, col 20 to line 41, col 53 of module LivenessAlpenglow: 221280
  |line 41, col 20 to line 41, col 24 of module LivenessAlpenglow: 708105
  |line 41, col 30 to line 41, col 52 of module LivenessAlpenglow: 708105
  line 89, col 21 to line 89, col 30 of module LivenessAlpenglow: 708105
  |line 88, col 24 to line 88, col 53 of module LivenessAlpenglow: 708105
  ||line 47, col 31 to line 47, col 97 of module LivenessAlpenglow: 708105
  ||line 88, col 37 to line 88, col 52 of module LivenessAlpenglow: 708105
  |||line 87, col 30 to line 87, col 108 of module LivenessAlpenglow: 708105
  ||||line 87, col 50 to line 87, col 107 of module LivenessAlpenglow: 2832420
  |||||line 87, col 70 to line 87, col 107 of module LivenessAlpenglow: 11053824
  ||||||line 87, col 70 to line 87, col 87 of module LivenessAlpenglow: 11053824
  ||||||line 87, col 92 to line 87, col 107 of module LivenessAlpenglow: 3028992
  |||||line 87, col 62 to line 87, col 66 of module LivenessAlpenglow: 2832420
  ||||line 87, col 37 to line 87, col 46 of module LivenessAlpenglow: 708105
  line 90, col 12 to line 90, col 102 of module LivenessAlpenglow: 221280
  |line 90, col 28 to line 90, col 102 of module LivenessAlpenglow: 221280
  ||line 90, col 28 to line 90, col 39 of module LivenessAlpenglow: 221280
  ||line 90, col 46 to line 90, col 102 of module LivenessAlpenglow: 221280:512636
  |||line 90, col 47 to line 90, col 101 of module LivenessAlpenglow: 221280
  ||||line 90, col 66 to line 90, col 78 of module LivenessAlpenglow: 221280
  ||||line 90, col 91 to line 90, col 100 of module LivenessAlpenglow: 221280
  |||||line 88, col 24 to line 88, col 53 of module LivenessAlpenglow: 221280
  ||||||line 47, col 31 to line 47, col 97 of module LivenessAlpenglow: 221280
  ||||||line 88, col 37 to line 88, col 52 of module LivenessAlpenglow: 221280
  |||||||line 87, col 30 to line 87, col 108 of module LivenessAlpenglow: 221280
  ||||||||line 87, col 50 to line 87, col 107 of module LivenessAlpenglow: 885120
  |||||||||line 87, col 70 to line 87, col 107 of module LivenessAlpenglow: 3648576
  ||||||||||line 87, col 70 to line 87, col 87 of module LivenessAlpenglow: 3648576
  ||||||||||line 87, col 92 to line 87, col 107 of module LivenessAlpenglow: 1111296
  |||||||||line 87, col 62 to line 87, col 66 of module LivenessAlpenglow: 885120
  ||||||||line 87, col 37 to line 87, col 46 of module LivenessAlpenglow: 221280
  line 91, col 6 to line 91, col 56 of module LivenessAlpenglow: 221280
<CreateFastFinalCert line 93, col 1 to line 93, col 25 of module LivenessAlpenglow>: 41506:354048
  line 94, col 6 to line 94, col 13 of module LivenessAlpenglow: 165960
  |line 94, col 6 to line 94, col 9 of module LivenessAlpenglow: 956354
  line 95, col 6 to line 95, col 24 of module LivenessAlpenglow: 165960
  |line 95, col 6 to line 95, col 9 of module LivenessAlpenglow: 956354
  |line 95, col 14 to line 95, col 24 of module LivenessAlpenglow: 956354
  line 96, col 24 to line 96, col 36 of module LivenessAlpenglow: 4424144
  |line 96, col 24 to line 96, col 29 of module LivenessAlpenglow: 4070096
  |line 96, col 33 to line 96, col 36 of module LivenessAlpenglow: 4070096
  line 96, col 15 to line 96, col 20 of module LivenessAlpenglow: 955660
  line 97, col 30 to line 97, col 45 of module LivenessAlpenglow: 5659008
  |line 97, col 30 to line 97, col 35 of module LivenessAlpenglow: 5304960
  line 97, col 50 to line 97, col 62 of module LivenessAlpenglow: 3006528
  |line 97, col 50 to line 97, col 55 of module LivenessAlpenglow: 2652480
  |line 97, col 59 to line 97, col 62 of module LivenessAlpenglow: 2652480
  line 97, col 15 to line 97, col 26 of module LivenessAlpenglow: 2035785
  line 98, col 6 to line 98, col 67 of module LivenessAlpenglow: 1681728
  |line 98, col 7 to line 98, col 67 of module LivenessAlpenglow: 1327680
  ||line 98, col 31 to line 98, col 67 of module LivenessAlpenglow: 4086336
  |||line 98, col 31 to line 98, col 50 of module LivenessAlpenglow: 4086336
  |||line 98, col 55 to line 98, col 67 of module LivenessAlpenglow: 682560
  ||line 98, col 16 to line 98, col 27 of module LivenessAlpenglow: 1327680
  line 44, col 26 to line 44, col 59 of module LivenessAlpenglow: 354048
  |line 44, col 26 to line 44, col 30 of module LivenessAlpenglow: 885120
  |line 44, col 36 to line 44, col 58 of module LivenessAlpenglow: 885120
  line 101, col 27 to line 101, col 36 of module LivenessAlpenglow: 885120
  |line 100, col 24 to line 100, col 53 of module LivenessAlpenglow: 885120
  ||line 47, col 31 to line 47, col 97 of module LivenessAlpenglow: 885120
  ||line 100, col 37 to line 100, col 52 of module LivenessAlpenglow: 885120
  |||line 99, col 30 to line 99, col 108 of module LivenessAlpenglow: 885120
  ||||line 99, col 50 to line 99, col 107 of module LivenessAlpenglow: 3540480
  |||||line 99, col 70 to line 99, col 107 of module LivenessAlpenglow: 14502528
  ||||||line 99, col 70 to line 99, col 87 of module LivenessAlpenglow: 14502528
  ||||||line 99, col 92 to line 99, col 107 of module LivenessAlpenglow: 4555008
  |||||line 99, col 62 to line 99, col 66 of module LivenessAlpenglow: 3540480
  ||||line 99, col 37 to line 99, col 46 of module LivenessAlpenglow: 885120
  line 102, col 12 to line 102, col 106 of module LivenessAlpenglow: 354048
  |line 102, col 28 to line 102, col 106 of module LivenessAlpenglow: 354048
  ||line 102, col 28 to line 102, col 39 of module LivenessAlpenglow: 354048
  ||line 102, col 46 to line 102, col 106 of module LivenessAlpenglow: 354048:708096
  |||line 102, col 47 to line 102, col 105 of module LivenessAlpenglow: 354048
  ||||line 102, col 70 to line 102, col 82 of module LivenessAlpenglow: 354048
  ||||line 102, col 95 to line 102, col 104 of module LivenessAlpenglow: 354048
  |||||line 100, col 24 to line 100, col 53 of module LivenessAlpenglow: 354048
  ||||||line 47, col 31 to line 47, col 97 of module LivenessAlpenglow: 354048
  ||||||line 100, col 37 to line 100, col 52 of module LivenessAlpenglow: 354048
  |||||||line 99, col 30 to line 99, col 108 of module LivenessAlpenglow: 354048
  ||||||||line 99, col 50 to line 99, col 107 of module LivenessAlpenglow: 1416192
  |||||||||line 99, col 70 to line 99, col 107 of module LivenessAlpenglow: 5690880
  ||||||||||line 99, col 70 to line 99, col 87 of module LivenessAlpenglow: 5690880
  ||||||||||line 99, col 92 to line 99, col 107 of module LivenessAlpenglow: 1953792
  |||||||||line 99, col 62 to line 99, col 66 of module LivenessAlpenglow: 1416192
  ||||||||line 99, col 37 to line 99, col 46 of module LivenessAlpenglow: 354048
  line 103, col 6 to line 103, col 56 of module LivenessAlpenglow: 354048
<CreateFinalCert line 105, col 1 to line 105, col 21 of module LivenessAlpenglow>: 102224:442560
  line 106, col 6 to line 106, col 13 of module LivenessAlpenglow: 207450
  |line 106, col 6 to line 106, col 9 of module LivenessAlpenglow: 956354
  line 107, col 6 to line 107, col 24 of module LivenessAlpenglow: 207450
  |line 107, col 6 to line 107, col 9 of module LivenessAlpenglow: 956354
  |line 107, col 14 to line 107, col 24 of module LivenessAlpenglow: 956354
  line 108, col 24 to line 108, col 36 of module LivenessAlpenglow: 4512656
  |line 108, col 24 to line 108, col 29 of module LivenessAlpenglow: 4070096
  |line 108, col 33 to line 108, col 36 of module LivenessAlpenglow: 4070096
  line 108, col 15 to line 108, col 20 of module LivenessAlpenglow: 955660
  line 109, col 30 to line 109, col 45 of module LivenessAlpenglow: 5747520
  |line 109, col 30 to line 109, col 35 of module LivenessAlpenglow: 5304960
  line 109, col 50 to line 109, col 62 of module LivenessAlpenglow: 3095040
  |line 109, col 50 to line 109, col 55 of module LivenessAlpenglow: 2652480
  |line 109, col 59 to line 109, col 62 of module LivenessAlpenglow: 2652480
  line 109, col 15 to line 109, col 26 of module LivenessAlpenglow: 2035785
  line 110, col 6 to line 110, col 63 of module LivenessAlpenglow: 1770240
  |line 110, col 7 to line 110, col 63 of module LivenessAlpenglow: 1327680
  ||line 110, col 31 to line 110, col 63 of module LivenessAlpenglow: 3709248
  |||line 110, col 31 to line 110, col 46 of module LivenessAlpenglow: 3709248
  |||line 110, col 51 to line 110, col 63 of module LivenessAlpenglow: 1269120
  ||line 110, col 16 to line 110, col 27 of module LivenessAlpenglow: 1327680
  line 41, col 20 to line 41, col 53 of module LivenessAlpenglow: 442560
  line 113, col 21 to line 113, col 30 of module LivenessAlpenglow: 442560
  |line 112, col 24 to line 112, col 53 of module LivenessAlpenglow: 442560
  ||line 47, col 31 to line 47, col 97 of module LivenessAlpenglow: 442560
  ||line 112, col 37 to line 112, col 52 of module LivenessAlpenglow: 442560
  |||line 111, col 30 to line 111, col 108 of module LivenessAlpenglow: 442560
  ||||line 111, col 50 to line 111, col 107 of module LivenessAlpenglow: 1770240
  |||||line 111, col 70 to line 111, col 107 of module LivenessAlpenglow: 7205376
  ||||||line 111, col 70 to line 111, col 87 of module LivenessAlpenglow: 7205376
  ||||||line 111, col 92 to line 111, col 107 of module LivenessAlpenglow: 2332416
  |||||line 111, col 62 to line 111, col 66 of module LivenessAlpenglow: 1770240
  ||||line 111, col 37 to line 111, col 46 of module LivenessAlpenglow: 442560
  line 114, col 12 to line 114, col 102 of module LivenessAlpenglow: 442560
  |line 114, col 28 to line 114, col 102 of module LivenessAlpenglow: 442560
  ||line 114, col 28 to line 114, col 39 of module LivenessAlpenglow: 442560
  ||line 114, col 46 to line 114, col 102 of module LivenessAlpenglow: 442560:885120
  |||line 114, col 47 to line 114, col 101 of module LivenessAlpenglow: 442560
  ||||line 114, col 66 to line 114, col 78 of module LivenessAlpenglow: 442560
  ||||line 114, col 91 to line 114, col 100 of module LivenessAlpenglow: 442560
  |||||line 112, col 24 to line 112, col 53 of module LivenessAlpenglow: 442560
  ||||||line 47, col 31 to line 47, col 97 of module LivenessAlpenglow: 442560
  ||||||line 112, col 37 to line 112, col 52 of module LivenessAlpenglow: 442560
  |||||||line 111, col 30 to line 111, col 108 of module LivenessAlpenglow: 442560
  ||||||||line 111, col 50 to line 111, col 107 of module LivenessAlpenglow: 1770240
  |||||||||line 111, col 70 to line 111, col 107 of module LivenessAlpenglow: 7205376
  ||||||||||line 111, col 70 to line 111, col 87 of module LivenessAlpenglow: 7205376
  ||||||||||line 111, col 92 to line 111, col 107 of module LivenessAlpenglow: 2332416
  |||||||||line 111, col 62 to line 111, col 66 of module LivenessAlpenglow: 1770240
  ||||||||line 111, col 37 to line 111, col 46 of module LivenessAlpenglow: 442560
  line 115, col 6 to line 115, col 56 of module LivenessAlpenglow: 442560
<FinalizeFast line 117, col 1 to line 117, col 18 of module LivenessAlpenglow>: 76368:103725
  line 118, col 6 to line 118, col 13 of module LivenessAlpenglow: 103725
  |line 118, col 6 to line 118, col 9 of module LivenessAlpenglow: 956354
  line 119, col 30 to line 119, col 49 of module LivenessAlpenglow: 2593125
  |line 119, col 30 to line 119, col 35 of module LivenessAlpenglow: 2489400
  line 119, col 54 to line 119, col 66 of module LivenessAlpenglow: 518625
  |line 119, col 54 to line 119, col 59 of module LivenessAlpenglow: 414900
  |line 119, col 63 to line 119, col 66 of module LivenessAlpenglow: 414900
  line 119, col 15 to line 119, col 26 of module LivenessAlpenglow: 956354
  line 120, col 6 to line 120, col 26 of module LivenessAlpenglow: 311175
  |line 120, col 6 to line 120, col 9 of module LivenessAlpenglow: 207450
  |line 120, col 18 to line 120, col 26 of module LivenessAlpenglow: 207450
  line 121, col 6 to line 121, col 39 of module LivenessAlpenglow: 103725
  |line 121, col 19 to line 121, col 39 of module LivenessAlpenglow: 103725
  ||line 121, col 19 to line 121, col 27 of module LivenessAlpenglow: 103725
  ||line 121, col 34 to line 121, col 39 of module LivenessAlpenglow: 103725:531484
  |||line 121, col 35 to line 121, col 38 of module LivenessAlpenglow: 103725
  line 122, col 6 to line 122, col 59 of module LivenessAlpenglow: 103725
<FinalizeSlow line 124, col 1 to line 124, col 18 of module LivenessAlpenglow>: 118531:207450
  line 125, col 6 to line 125, col 13 of module LivenessAlpenglow: 207450
  |line 125, col 6 to line 125, col 9 of module LivenessAlpenglow: 956354
  line 126, col 30 to line 126, col 45 of module LivenessAlpenglow: 2696850
  |line 126, col 30 to line 126, col 35 of module LivenessAlpenglow: 2489400
  line 126, col 50 to line 126, col 62 of module LivenessAlpenglow: 1452150
  |line 126, col 50 to line 126, col 55 of module LivenessAlpenglow: 1244700
  |line 126, col 59 to line 126, col 62 of module LivenessAlpenglow: 1244700
  line 126, col 15 to line 126, col 26 of module LivenessAlpenglow: 956354
  line 127, col 30 to line 127, col 45 of module LivenessAlpenglow: 2262150
  |line 127, col 30 to line 127, col 35 of module LivenessAlpenglow: 2054700
  line 127, col 50 to line 127, col 62 of module LivenessAlpenglow: 892350
  |line 127, col 50 to line 127, col 55 of module LivenessAlpenglow: 684900
  |line 127, col 59 to line 127, col 62 of module LivenessAlpenglow: 684900
  line 127, col 15 to line 127, col 26 of module LivenessAlpenglow: 622350
  line 128, col 6 to line 128, col 26 of module LivenessAlpenglow: 622350
  |line 128, col 6 to line 128, col 9 of module LivenessAlpenglow: 414900
  |line 128, col 18 to line 128, col 26 of module LivenessAlpenglow: 414900
  line 129, col 6 to line 129, col 39 of module LivenessAlpenglow: 207450
  |line 129, col 19 to line 129, col 39 of module LivenessAlpenglow: 207450
  ||line 129, col 19 to line 129, col 27 of module LivenessAlpenglow: 207450
  ||line 129, col 34 to line 129, col 39 of module LivenessAlpenglow: 207450:777480
  |||line 129, col 35 to line 129, col 38 of module LivenessAlpenglow: 207450
  line 130, col 6 to line 130, col 59 of module LivenessAlpenglow: 207450
<TypeOK line 158, col 1 to line 158, col 6 of module LivenessAlpenglow>
  line 159, col 3 to line 163, col 35 of module LivenessAlpenglow: 478173
<NoConflictingFinalizations line 165, col 1 to line 165, col 26 of module LivenessAlpenglow>
  line 166, col 3 to line 166, col 46 of module LivenessAlpenglow: 478173
  |line 166, col 29 to line 166, col 46 of module LivenessAlpenglow: 313740
  ||line 166, col 29 to line 166, col 35 of module LivenessAlpenglow: 313740
  ||line 166, col 40 to line 166, col 46 of module LivenessAlpenglow: 64800
  |line 166, col 17 to line 166, col 25 of module LivenessAlpenglow: 478173
End of statistics.
4171084 states generated, 478173 distinct states found, 0 states left on queue.
The depth of the complete state graph search is 27.
The average outdegree of the complete state graph is 1 (minimum is 0, the maximum 11 and the 95th percentile is 3).
Finished in 03min 38s at (2025-10-15 21:46:43)
